Archive member included to satisfy reference by file (symbol)

C:/ST/STM32CubeIDE_1.16.0/STM32CubeIDE/plugins/com.st.stm32cube.ide.mcu.externaltools.gnu-tools-for-stm32.12.3.rel1.win32_1.1.0.202410251130/tools/bin/../lib/gcc/arm-none-eabi/12.3.1/../../../../arm-none-eabi/lib/thumb/v6-m/nofp\libc_nano.a(libc_a-exit.o)
                              C:/ST/STM32CubeIDE_1.16.0/STM32CubeIDE/plugins/com.st.stm32cube.ide.mcu.externaltools.gnu-tools-for-stm32.12.3.rel1.win32_1.1.0.202410251130/tools/bin/../lib/gcc/arm-none-eabi/12.3.1/../../../../arm-none-eabi/lib/thumb/v6-m/nofp/crt0.o (exit)
C:/ST/STM32CubeIDE_1.16.0/STM32CubeIDE/plugins/com.st.stm32cube.ide.mcu.externaltools.gnu-tools-for-stm32.12.3.rel1.win32_1.1.0.202410251130/tools/bin/../lib/gcc/arm-none-eabi/12.3.1/../../../../arm-none-eabi/lib/thumb/v6-m/nofp\libc_nano.a(libc_a-malloc.o)
                              ./Core/Src/ELTEC_EmulatedEEPROM.o (malloc)
C:/ST/STM32CubeIDE_1.16.0/STM32CubeIDE/plugins/com.st.stm32cube.ide.mcu.externaltools.gnu-tools-for-stm32.12.3.rel1.win32_1.1.0.202410251130/tools/bin/../lib/gcc/arm-none-eabi/12.3.1/../../../../arm-none-eabi/lib/thumb/v6-m/nofp\libc_nano.a(libc_a-mallocr.o)
                              C:/ST/STM32CubeIDE_1.16.0/STM32CubeIDE/plugins/com.st.stm32cube.ide.mcu.externaltools.gnu-tools-for-stm32.12.3.rel1.win32_1.1.0.202410251130/tools/bin/../lib/gcc/arm-none-eabi/12.3.1/../../../../arm-none-eabi/lib/thumb/v6-m/nofp\libc_nano.a(libc_a-malloc.o) (_malloc_r)
C:/ST/STM32CubeIDE_1.16.0/STM32CubeIDE/plugins/com.st.stm32cube.ide.mcu.externaltools.gnu-tools-for-stm32.12.3.rel1.win32_1.1.0.202410251130/tools/bin/../lib/gcc/arm-none-eabi/12.3.1/../../../../arm-none-eabi/lib/thumb/v6-m/nofp\libc_nano.a(libc_a-mlock.o)
                              C:/ST/STM32CubeIDE_1.16.0/STM32CubeIDE/plugins/com.st.stm32cube.ide.mcu.externaltools.gnu-tools-for-stm32.12.3.rel1.win32_1.1.0.202410251130/tools/bin/../lib/gcc/arm-none-eabi/12.3.1/../../../../arm-none-eabi/lib/thumb/v6-m/nofp\libc_nano.a(libc_a-mallocr.o) (__malloc_lock)
C:/ST/STM32CubeIDE_1.16.0/STM32CubeIDE/plugins/com.st.stm32cube.ide.mcu.externaltools.gnu-tools-for-stm32.12.3.rel1.win32_1.1.0.202410251130/tools/bin/../lib/gcc/arm-none-eabi/12.3.1/../../../../arm-none-eabi/lib/thumb/v6-m/nofp\libc_nano.a(libc_a-findfp.o)
                              C:/ST/STM32CubeIDE_1.16.0/STM32CubeIDE/plugins/com.st.stm32cube.ide.mcu.externaltools.gnu-tools-for-stm32.12.3.rel1.win32_1.1.0.202410251130/tools/bin/../lib/gcc/arm-none-eabi/12.3.1/../../../../arm-none-eabi/lib/thumb/v6-m/nofp\libc_nano.a(libc_a-exit.o) (__stdio_exit_handler)
C:/ST/STM32CubeIDE_1.16.0/STM32CubeIDE/plugins/com.st.stm32cube.ide.mcu.externaltools.gnu-tools-for-stm32.12.3.rel1.win32_1.1.0.202410251130/tools/bin/../lib/gcc/arm-none-eabi/12.3.1/../../../../arm-none-eabi/lib/thumb/v6-m/nofp\libc_nano.a(libc_a-fwalk.o)
                              C:/ST/STM32CubeIDE_1.16.0/STM32CubeIDE/plugins/com.st.stm32cube.ide.mcu.externaltools.gnu-tools-for-stm32.12.3.rel1.win32_1.1.0.202410251130/tools/bin/../lib/gcc/arm-none-eabi/12.3.1/../../../../arm-none-eabi/lib/thumb/v6-m/nofp\libc_nano.a(libc_a-findfp.o) (_fwalk_sglue)
C:/ST/STM32CubeIDE_1.16.0/STM32CubeIDE/plugins/com.st.stm32cube.ide.mcu.externaltools.gnu-tools-for-stm32.12.3.rel1.win32_1.1.0.202410251130/tools/bin/../lib/gcc/arm-none-eabi/12.3.1/../../../../arm-none-eabi/lib/thumb/v6-m/nofp\libc_nano.a(libc_a-stdio.o)
                              C:/ST/STM32CubeIDE_1.16.0/STM32CubeIDE/plugins/com.st.stm32cube.ide.mcu.externaltools.gnu-tools-for-stm32.12.3.rel1.win32_1.1.0.202410251130/tools/bin/../lib/gcc/arm-none-eabi/12.3.1/../../../../arm-none-eabi/lib/thumb/v6-m/nofp\libc_nano.a(libc_a-findfp.o) (__sread)
C:/ST/STM32CubeIDE_1.16.0/STM32CubeIDE/plugins/com.st.stm32cube.ide.mcu.externaltools.gnu-tools-for-stm32.12.3.rel1.win32_1.1.0.202410251130/tools/bin/../lib/gcc/arm-none-eabi/12.3.1/../../../../arm-none-eabi/lib/thumb/v6-m/nofp\libc_nano.a(libc_a-memcmp.o)
                              ./Core/Src/bluetooth.o (memcmp)
C:/ST/STM32CubeIDE_1.16.0/STM32CubeIDE/plugins/com.st.stm32cube.ide.mcu.externaltools.gnu-tools-for-stm32.12.3.rel1.win32_1.1.0.202410251130/tools/bin/../lib/gcc/arm-none-eabi/12.3.1/../../../../arm-none-eabi/lib/thumb/v6-m/nofp\libc_nano.a(libc_a-memset.o)
                              C:/ST/STM32CubeIDE_1.16.0/STM32CubeIDE/plugins/com.st.stm32cube.ide.mcu.externaltools.gnu-tools-for-stm32.12.3.rel1.win32_1.1.0.202410251130/tools/bin/../lib/gcc/arm-none-eabi/12.3.1/../../../../arm-none-eabi/lib/thumb/v6-m/nofp/crt0.o (memset)
C:/ST/STM32CubeIDE_1.16.0/STM32CubeIDE/plugins/com.st.stm32cube.ide.mcu.externaltools.gnu-tools-for-stm32.12.3.rel1.win32_1.1.0.202410251130/tools/bin/../lib/gcc/arm-none-eabi/12.3.1/../../../../arm-none-eabi/lib/thumb/v6-m/nofp\libc_nano.a(libc_a-strchr.o)
                              ./Core/Src/bluetooth.o (strchr)
[...]
Memory Configuration

Name             Origin             Length             Attributes
RAM              0x20000000         0x00008000         xrw
FLASH            0x08000000         0x0001e800         xr
BOOTLOADER       0x0801e800         0x00002000         xr
EEPROM           0x0803f000         0x00001000         xrw
FLASH2           0x0801e7f0         0x00000010         r
FLASH3           0x08037000         0x00005000         xrw
FLASH4           0x0803c000         0x00003000         xrw
*default*        0x00000000         0xffffffff

Linker script and memory map

LOAD C:/ST/STM32CubeIDE_1.16.0/STM32CubeIDE/plugins/com.st.stm32cube.ide.mcu.externaltools.gnu-tools-for-stm32.12.3.rel1.win32_1.1.0.202410251130/tools/bin/../lib/gcc/arm-none-eabi/12.3.1/thumb/v6-m/nofp/crti.o
LOAD C:/ST/STM32CubeIDE_1.16.0/STM32CubeIDE/plugins/com.st.stm32cube.ide.mcu.externaltools.gnu-tools-for-stm32.12.3.rel1.win32_1.1.0.202410251130/tools/bin/../lib/gcc/arm-none-eabi/12.3.1/thumb/v6-m/nofp/crtbegin.o
LOAD C:/ST/STM32CubeIDE_1.16.0/STM32CubeIDE/plugins/com.st.stm32cube.ide.mcu.externaltools.gnu-tools-for-stm32.12.3.rel1.win32_1.1.0.202410251130/tools/bin/../lib/gcc/arm-none-eabi/12.3.1/../../../../arm-none-eabi/lib/thumb/v6-m/nofp/crt0.o
LOAD ./Core/Src/ELTEC_EmulatedEEPROM.o
LOAD ./Core/Src/ModbusMap.o
LOAD ./Core/Src/ModbusRTU.o
LOAD ./Core/Src/bluetooth.o
LOAD ./Core/Src/commonMainAsm.o
LOAD ./Core/Src/common_subs.o
LOAD ./Core/Src/comunicacion.o
LOAD ./Core/Src/display.o
LOAD ./Core/Src/inicio.o
LOAD ./Core/Src/logger.o
LOAD ./Core/Src/main.o
LOAD ./Core/Src/muestreo.o
LOAD ./Core/Src/noctar.o
LOAD ./Core/Src/refrigera.o
LOAD ./Core/Src/stm32u0xx_hal_msp.o
LOAD ./Core/Src/stm32u0xx_it.o
LOAD ./Core/Src/syscalls.o
LOAD ./Core/Src/sysmem.o
LOAD ./Core/Src/system_stm32u0xx.o
LOAD ./Core/Src/temper.o
LOAD ./Core/Src/tiempo.o
LOAD ./Core/Src/tx_buffer_prep.o
LOAD ./Core/Src/tx_control.o
LOAD ./Core/Src/voltmetro.o
LOAD ./Core/Src/watch.o
LOAD ./Core/Startup/startup_stm32u073rctx.o
LOAD ./Drivers/STM32U0xx_HAL_Driver/Src/stm32u0xx_hal.o
LOAD ./Drivers/STM32U0xx_HAL_Driver/Src/stm32u0xx_hal_adc.o
LOAD ./Drivers/STM32U0xx_HAL_Driver/Src/stm32u0xx_hal_adc_ex.o
LOAD ./Drivers/STM32U0xx_HAL_Driver/Src/stm32u0xx_hal_cortex.o
LOAD ./Drivers/STM32U0xx_HAL_Driver/Src/stm32u0xx_hal_dma.o
LOAD ./Drivers/STM32U0xx_HAL_Driver/Src/stm32u0xx_hal_dma_ex.o
LOAD ./Drivers/STM32U0xx_HAL_Driver/Src/stm32u0xx_hal_exti.o
LOAD ./Drivers/STM32U0xx_HAL_Driver/Src/stm32u0xx_hal_flash.o
LOAD ./Drivers/STM32U0xx_HAL_Driver/Src/stm32u0xx_hal_flash_ex.o
LOAD ./Drivers/STM32U0xx_HAL_Driver/Src/stm32u0xx_hal_gpio.o
LOAD ./Drivers/STM32U0xx_HAL_Driver/Src/stm32u0xx_hal_i2c.o
LOAD ./Drivers/STM32U0xx_HAL_Driver/Src/stm32u0xx_hal_i2c_ex.o
LOAD ./Drivers/STM32U0xx_HAL_Driver/Src/stm32u0xx_hal_iwdg.o
LOAD ./Drivers/STM32U0xx_HAL_Driver/Src/stm32u0xx_hal_pwr.o
LOAD ./Drivers/STM32U0xx_HAL_Driver/Src/stm32u0xx_hal_pwr_ex.o
LOAD ./Drivers/STM32U0xx_HAL_Driver/Src/stm32u0xx_hal_rcc.o
LOAD ./Drivers/STM32U0xx_HAL_Driver/Src/stm32u0xx_hal_rcc_ex.o
LOAD ./Drivers/STM32U0xx_HAL_Driver/Src/stm32u0xx_hal_rtc.o
LOAD ./Drivers/STM32U0xx_HAL_Driver/Src/stm32u0xx_hal_rtc_ex.o
LOAD ./Drivers/STM32U0xx_HAL_Driver/Src/stm32u0xx_hal_tim.o
LOAD ./Drivers/STM32U0xx_HAL_Driver/Src/stm32u0xx_hal_tim_ex.o
LOAD ./Drivers/STM32U0xx_HAL_Driver/Src/stm32u0xx_hal_uart.o
LOAD ./Drivers/STM32U0xx_HAL_Driver/Src/stm32u0xx_hal_uart_ex.o
LOAD ./Drivers/STM32U0xx_HAL_Driver/Src/stm32u0xx_ll_adc.o
LOAD ./Drivers/STM32U0xx_HAL_Driver/Src/stm32u0xx_ll_i2c.o
START GROUP
LOAD C:/ST/STM32CubeIDE_1.16.0/STM32CubeIDE/plugins/com.st.stm32cube.ide.mcu.externaltools.gnu-tools-for-stm32.12.3.rel1.win32_1.1.0.202410251130/tools/bin/../lib/gcc/arm-none-eabi/12.3.1/../../../../arm-none-eabi/lib/thumb/v6-m/nofp\libc_nano.a
LOAD C:/ST/STM32CubeIDE_1.16.0/STM32CubeIDE/plugins/com.st.stm32cube.ide.mcu.externaltools.gnu-tools-for-stm32.12.3.rel1.win32_1.1.0.202410251130/tools/bin/../lib/gcc/arm-none-eabi/12.3.1/../../../../arm-none-eabi/lib/thumb/v6-m/nofp\libm.a
END GROUP
START GROUP
LOAD C:/ST/STM32CubeIDE_1.16.0/STM32CubeIDE/plugins/com.st.stm32cube.ide.mcu.externaltools.gnu-tools-for-stm32.12.3.rel1.win32_1.1.0.202410251130/tools/bin/../lib/gcc/arm-none-eabi/12.3.1/thumb/v6-m/nofp\libgcc.a
LOAD C:/ST/STM32CubeIDE_1.16.0/STM32CubeIDE/plugins/com.st.stm32cube.ide.mcu.externaltools.gnu-tools-for-stm32.12.3.rel1.win32_1.1.0.202410251130/tools/bin/../lib/gcc/arm-none-eabi/12.3.1/../../../../arm-none-eabi/lib/thumb/v6-m/nofp\libc_nano.a
END GROUP
START GROUP
LOAD C:/ST/STM32CubeIDE_1.16.0/STM32CubeIDE/plugins/com.st.stm32cube.ide.mcu.externaltools.gnu-tools-for-stm32.12.3.rel1.win32_1.1.0.202410251130/tools/bin/../lib/gcc/arm-none-eabi/12.3.1/thumb/v6-m/nofp\libgcc.a
LOAD C:/ST/STM32CubeIDE_1.16.0/STM32CubeIDE/plugins/com.st.stm32cube.ide.mcu.externaltools.gnu-tools-for-stm32.12.3.rel1.win32_1.1.0.202410251130/tools/bin/../lib/gcc/arm-none-eabi/12.3.1/../../../../arm-none-eabi/lib/thumb/v6-m/nofp\libc_nano.a
LOAD C:/ST/STM32CubeIDE_1.16.0/STM32CubeIDE/plugins/com.st.stm32cube.ide.mcu.externaltools.gnu-tools-for-stm32.12.3.rel1.win32_1.1.0.202410251130/tools/bin/../lib/gcc/arm-none-eabi/12.3.1/../../../../arm-none-eabi/lib/thumb/v6-m/nofp\libnosys.a
END GROUP
START GROUP
LOAD C:/ST/STM32CubeIDE_1.16.0/STM32CubeIDE/plugins/com.st.stm32cube.ide.mcu.externaltools.gnu-tools-for-stm32.12.3.rel1.win32_1.1.0.202410251130/tools/bin/../lib/gcc/arm-none-eabi/12.3.1/thumb/v6-m/nofp\libgcc.a
LOAD C:/ST/STM32CubeIDE_1.16.0/STM32CubeIDE/plugins/com.st.stm32cube.ide.mcu.externaltools.gnu-tools-for-stm32.12.3.rel1.win32_1.1.0.202410251130/tools/bin/../lib/gcc/arm-none-eabi/12.3.1/../../../../arm-none-eabi/lib/thumb/v6-m/nofp\libc_nano.a
LOAD C:/ST/STM32CubeIDE_1.16.0/STM32CubeIDE/plugins/com.st.stm32cube.ide.mcu.externaltools.gnu-tools-for-stm32.12.3.rel1.win32_1.1.0.202410251130/tools/bin/../lib/gcc/arm-none-eabi/12.3.1/../../../../arm-none-eabi/lib/thumb/v6-m/nofp\libnosys.a
END GROUP
LOAD C:/ST/STM32CubeIDE_1.16.0/STM32CubeIDE/plugins/com.st.stm32cube.ide.mcu.externaltools.gnu-tools-for-stm32.12.3.rel1.win32_1.1.0.202410251130/tools/bin/../lib/gcc/arm-none-eabi/12.3.1/thumb/v6-m/nofp/crtend.o
LOAD C:/ST/STM32CubeIDE_1.16.0/STM32CubeIDE/plugins/com.st.stm32cube.ide.mcu.externaltools.gnu-tools-for-stm32.12.3.rel1.win32_1.1.0.202410251130/tools/bin/../lib/gcc/arm-none-eabi/12.3.1/thumb/v6-m/nofp/crtn.o
                0x20008000                        _estack = (ORIGIN (RAM) + LENGTH (RAM))
                0x00000200                        _Min_Heap_Size = 0x200
                0x00000400                        _Min_Stack_Size = 0x400

.dataLogger     0x0803c000     0x3000
 *(.dataLogger)
 .dataLogger    0x0803c000     0x3000 ./Core/Src/main.o
                0x0803c000                dataLogger
                0x0803efff                dataLoggerFin

.eventLogger    0x08037000     0x5000
 *(.eventLogger)
 .eventLogger   0x08037000     0x5000 ./Core/Src/main.o
                0x08037000                eventLogger
                0x0803bfff                eventLoggerFin

.varFlash       0x0801e7f0        0x5
 *(.varFlash)
 .varFlash      0x0801e7f0        0x5 ./Core/Src/main.o
                0x0801e7f0                versionFirm1
                0x0801e7f1                versionFirm2
                0x0801e7f2                fm_hardware
                0x0801e7f3                fm_modelo0
                0x0801e7f4                fm_modelo

.myBufSectionEEPROM_P
                0x0803f000       0x80
 *(.myBufSectionEEPROM_P)
 .myBufSectionEEPROM_P
                0x0803f000       0x80 ./Core/Src/main.o
                0x0803f000                eePlantilla

.myBufSectionEEPROM_V
                0x0803f800       0x14
 *(.myBufSectionEEPROM_V)
 .myBufSectionEEPROM_V
                0x0803f800       0x14 ./Core/Src/main.o
                0x0803f800                eevolt_div
                0x0803f801                eevolt_mul
                0x0803f802                eef_voltaje
                0x0803f803                eeEstado1
                0x0803f804                eeTimeUnix1
                0x0803f805                eeTimeUnix2
                0x0803f806                eeTimeUnix3
                0x0803f807                eeTimeUnix4
                0x0803f808                eeLat1
                0x0803f809                eeLat2
                0x0803f80a                eeLat3
                0x0803f80b                eeLat4
                0x0803f80c                eeLong1
                0x0803f80d                eeLong2
                0x0803f80e                eeLong3
                0x0803f80f                eeLong4
                0x0803f810                eeCntRegDATA
                0x0803f812                eeCntRegEVENT

.BOOTLOADER
 *(.BOOTLOADER)

.isr_vector     0x08000000       0xc0
                0x08000000                        . = ALIGN (0x4)
 *(.isr_vector)
 .isr_vector    0x08000000       0xc0 ./Core/Startup/startup_stm32u073rctx.o
                0x08000000                g_pfnVectors
                0x080000c0                        . = ALIGN (0x4)

.text           0x080000c0    0x1b218
                0x080000c0                        . = ALIGN (0x4)
 *(.text)
 .text          0x080000c0       0x48 C:/ST/STM32CubeIDE_1.16.0/STM32CubeIDE/plugins/com.st.stm32cube.ide.mcu.externaltools.gnu-tools-for-stm32.12.3.rel1.win32_1.1.0.202410251130/tools/bin/../lib/gcc/arm-none-eabi/12.3.1/thumb/v6-m/nofp/crtbegin.o
 .text          0x08000108        0xe C:/ST/STM32CubeIDE_1.16.0/STM32CubeIDE/plugins/com.st.stm32cube.ide.mcu.externaltools.gnu-tools-for-stm32.12.3.rel1.win32_1.1.0.202410251130/tools/bin/../lib/gcc/arm-none-eabi/12.3.1/../../../../arm-none-eabi/lib/thumb/v6-m/nofp\libc_nano.a(libc_a-strlen.o)
                0x08000108                strlen
 *fill*         0x08000116        0x2 
 .text          0x08000118      0x114 C:/ST/STM32CubeIDE_1.16.0/STM32CubeIDE/plugins/com.st.stm32cube.ide.mcu.externaltools.gnu-tools-for-stm32.12.3.rel1.win32_1.1.0.202410251130/tools/bin/../lib/gcc/arm-none-eabi/12.3.1/thumb/v6-m/nofp\libgcc.a(_udivsi3.o)
                0x08000118                __aeabi_uidiv
                0x08000118                __udivsi3
                0x08000224                __aeabi_uidivmod
 .text          0x0800022c      0x1d4 C:/ST/STM32CubeIDE_1.16.0/STM32CubeIDE/plugins/com.st.stm32cube.ide.mcu.externaltools.gnu-tools-for-stm32.12.3.rel1.win32_1.1.0.202410251130/tools/bin/../lib/gcc/arm-none-eabi/12.3.1/thumb/v6-m/nofp\libgcc.a(_divsi3.o)
                0x0800022c                __divsi3
                0x0800022c                __aeabi_idiv
                0x080003f8                __aeabi_idivmod
 .text          0x08000400        0x4 C:/ST/STM32CubeIDE_1.16.0/STM32CubeIDE/plugins/com.st.stm32cube.ide.mcu.externaltools.gnu-tools-for-stm32.12.3.rel1.win32_1.1.0.202410251130/tools/bin/../lib/gcc/arm-none-eabi/12.3.1/thumb/v6-m/nofp\libgcc.a(_dvmd_tls.o)
                0x08000400                __aeabi_idiv0
                0x08000400                __aeabi_ldiv0
 .text          0x08000404       0x7c C:/ST/STM32CubeIDE_1.16.0/STM32CubeIDE/plugins/com.st.stm32cube.ide.mcu.externaltools.gnu-tools-for-stm32.12.3.rel1.win32_1.1.0.202410251130/tools/bin/../lib/gcc/arm-none-eabi/12.3.1/thumb/v6-m/nofp\libgcc.a(_arm_cmpdf2.o)
                0x08000404                __aeabi_cdrcmple
                0x08000414                __aeabi_cdcmple
                0x08000414                __aeabi_cdcmpeq
                0x08000424                __aeabi_dcmpeq
                0x08000430                __aeabi_dcmplt
                0x08000444                __aeabi_dcmple
                0x08000458                __aeabi_dcmpgt
                0x0800046c                __aeabi_dcmpge
 .text          0x08000480       0x3c C:/ST/STM32CubeIDE_1.16.0/STM32CubeIDE/plugins/com.st.stm32cube.ide.mcu.externaltools.gnu-tools-for-stm32.12.3.rel1.win32_1.1.0.202410251130/tools/bin/../lib/gcc/arm-none-eabi/12.3.1/thumb/v6-m/nofp\libgcc.a(_clzsi2.o)
                0x08000480                __clzsi2
 .text          0x080004bc       0x40 C:/ST/STM32CubeIDE_1.16.0/STM32CubeIDE/plugins/com.st.stm32cube.ide.mcu.externaltools.gnu-tools-for-stm32.12.3.rel1.win32_1.1.0.202410251130/tools/bin/../lib/gcc/arm-none-eabi/12.3.1/thumb/v6-m/nofp\libgcc.a(_aeabi_uldivmod.o)
                0x080004bc                __aeabi_uldivmod
 .text          0x080004fc       0x3c C:/ST/STM32CubeIDE_1.16.0/STM32CubeIDE/plugins/com.st.stm32cube.ide.mcu.externaltools.gnu-tools-for-stm32.12.3.rel1.win32_1.1.0.202410251130/tools/bin/../lib/gcc/arm-none-eabi/12.3.1/thumb/v6-m/nofp\libgcc.a(_fixunsdfsi.o)
                0x080004fc                __aeabi_d2uiz
                0x080004fc                __fixunsdfsi
 .text          0x08000538      0x198 C:/ST/STM32CubeIDE_1.16.0/STM32CubeIDE/plugins/com.st.stm32cube.ide.mcu.externaltools.gnu-tools-for-stm32.12.3.rel1.win32_1.1.0.202410251130/tools/bin/../lib/gcc/arm-none-eabi/12.3.1/thumb/v6-m/nofp\libgcc.a(_udivmoddi4.o)
                0x08000538                __udivmoddi4
 .text          0x080006d0      0x6c8 C:/ST/STM32CubeIDE_1.16.0/STM32CubeIDE/plugins/com.st.stm32cube.ide.mcu.externaltools.gnu-tools-for-stm32.12.3.rel1.win32_1.1.0.202410251130/tools/bin/../lib/gcc/arm-none-eabi/12.3.1/thumb/v6-m/nofp\libgcc.a(adddf3.o)
                0x080006d0                __aeabi_dadd
 .text          0x08000d98      0x634 C:/ST/STM32CubeIDE_1.16.0/STM32CubeIDE/plugins/com.st.stm32cube.ide.mcu.externaltools.gnu-tools-for-stm32.12.3.rel1.win32_1.1.0.202410251130/tools/bin/../lib/gcc/arm-none-eabi/12.3.1/thumb/v6-m/nofp\libgcc.a(divdf3.o)
                0x08000d98                __aeabi_ddiv
 .text          0x080013cc       0x88 C:/ST/STM32CubeIDE_1.16.0/STM32CubeIDE/plugins/com.st.stm32cube.ide.mcu.externaltools.gnu-tools-for-stm32.12.3.rel1.win32_1.1.0.202410251130/tools/bin/../lib/gcc/arm-none-eabi/12.3.1/thumb/v6-m/nofp\libgcc.a(eqdf2.o)
                0x080013cc                __nedf2
                0x080013cc                __eqdf2
 .text          0x08001454       0xe8 C:/ST/STM32CubeIDE_1.16.0/STM32CubeIDE/plugins/com.st.stm32cube.ide.mcu.externaltools.gnu-tools-for-stm32.12.3.rel1.win32_1.1.0.202410251130/tools/bin/../lib/gcc/arm-none-eabi/12.3.1/thumb/v6-m/nofp\libgcc.a(gedf2.o)
                0x08001454                __gedf2
                0x08001454                __gtdf2
 .text          0x0800153c       0xe4 C:/ST/STM32CubeIDE_1.16.0/STM32CubeIDE/plugins/com.st.stm32cube.ide.mcu.externaltools.gnu-tools-for-stm32.12.3.rel1.win32_1.1.0.202410251130/tools/bin/../lib/gcc/arm-none-eabi/12.3.1/thumb/v6-m/nofp\libgcc.a(ledf2.o)
                0x0800153c                __ledf2
                0x0800153c                __ltdf2
 .text          0x08001620      0x590 C:/ST/STM32CubeIDE_1.16.0/STM32CubeIDE/plugins/com.st.stm32cube.ide.mcu.externaltools.gnu-tools-for-stm32.12.3.rel1.win32_1.1.0.202410251130/tools/bin/../lib/gcc/arm-none-eabi/12.3.1/thumb/v6-m/nofp\libgcc.a(muldf3.o)
                0x08001620                __aeabi_dmul
 .text          0x08001bb0      0x738 C:/ST/STM32CubeIDE_1.16.0/STM32CubeIDE/plugins/com.st.stm32cube.ide.mcu.externaltools.gnu-tools-for-stm32.12.3.rel1.win32_1.1.0.202410251130/tools/bin/../lib/gcc/arm-none-eabi/12.3.1/thumb/v6-m/nofp\libgcc.a(subdf3.o)
                0x08001bb0                __aeabi_dsub
 .text          0x080022e8       0x44 C:/ST/STM32CubeIDE_1.16.0/STM32CubeIDE/plugins/com.st.stm32cube.ide.mcu.externaltools.gnu-tools-for-stm32.12.3.rel1.win32_1.1.0.202410251130/tools/bin/../lib/gcc/arm-none-eabi/12.3.1/thumb/v6-m/nofp\libgcc.a(unorddf2.o)
                0x080022e8                __aeabi_dcmpun
 .text          0x0800232c       0x78 C:/ST/STM32CubeIDE_1.16.0/STM32CubeIDE/plugins/com.st.stm32cube.ide.mcu.externaltools.gnu-tools-for-stm32.12.3.rel1.win32_1.1.0.202410251130/tools/bin/../lib/gcc/arm-none-eabi/12.3.1/thumb/v6-m/nofp\libgcc.a(fixdfsi.o)
                0x0800232c                __aeabi_d2iz
 .text          0x080023a4       0x48 C:/ST/STM32CubeIDE_1.16.0/STM32CubeIDE/plugins/com.st.stm32cube.ide.mcu.externaltools.gnu-tools-for-stm32.12.3.rel1.win32_1.1.0.202410251130/tools/bin/../lib/gcc/arm-none-eabi/12.3.1/thumb/v6-m/nofp\libgcc.a(floatunsidf.o)
                0x080023a4                __aeabi_ui2d
 .text          0x080023ec       0x18 C:/ST/STM32CubeIDE_1.16.0/STM32CubeIDE/plugins/com.st.stm32cube.ide.mcu.externaltools.gnu-tools-for-stm32.12.3.rel1.win32_1.1.0.202410251130/tools/bin/../lib/gcc/arm-none-eabi/12.3.1/thumb/v6-m/nofp\libgcc.a(_clzdi2.o)
                0x080023ec                __clzdi2
 *(.text*)
 .text.getAddressPage
                0x08002404       0x28 ./Core/Src/ELTEC_EmulatedEEPROM.o
                0x08002404                getAddressPage
 .text.erasePage
                0x0800242c       0x5c ./Core/Src/ELTEC_EmulatedEEPROM.o
                0x0800242c                erasePage
 .text.writeFLASH
                0x08002488       0x6c ./Core/Src/ELTEC_EmulatedEEPROM.o
                0x08002488                writeFLASH
 .text.initEEPROMEmulated
                0x080024f4      0x3ec ./Core/Src/ELTEC_EmulatedEEPROM.o
                0x080024f4                initEEPROMEmulated
 .text.restartFlashMemory
                0x080028e0      0x33c ./Core/Src/ELTEC_EmulatedEEPROM.o
                0x080028e0                restartFlashMemory
 .text.findLastValue
                0x08002c1c       0x74 ./Core/Src/ELTEC_EmulatedEEPROM.o
                0x08002c1c                findLastValue
 .text.pushAddressData
                0x08002c90       0x66 ./Core/Src/ELTEC_EmulatedEEPROM.o
                0x08002c90                pushAddressData
 .text.currentlyPoint
                0x08002cf6       0x46 ./Core/Src/ELTEC_EmulatedEEPROM.o
                0x08002cf6                currentlyPoint
 .text.FlashManager
                0x08002d3c      0x18c ./Core/Src/ELTEC_EmulatedEEPROM.o
                0x08002d3c                FlashManager
 .text.MacStringtoHex
                0x08002ec8      0x1ec ./Core/Src/ModbusMap.o
 .text.ReadHoldingRegistersFunctionRev
                0x080030b4       0xe4 ./Core/Src/ModbusMap.o
                0x080030b4                ReadHoldingRegistersFunctionRev
 .text.ModbusMap
                0x08003198      0xee8 ./Core/Src/ModbusMap.o
                0x08003198                ModbusMap
 .text.serialEvent_RS485
                0x08004080       0xd4 ./Core/Src/ModbusRTU.o
                0x08004080                serialEvent_RS485
 .text.SerializeDMAArray_RS485
                0x08004154       0x40 ./Core/Src/ModbusRTU.o
                0x08004154                SerializeDMAArray_RS485
 .text.crc16_update
                0x08004194       0x6c ./Core/Src/ModbusRTU.o
 .text.Modbus_ModbusSalave
                0x08004200        0xa ./Core/Src/ModbusRTU.o
                0x08004200                Modbus_ModbusSalave
 *fill*         0x0800420a        0x2 
 .text.ModbusMaster_begin
                0x0800420c       0x34 ./Core/Src/ModbusRTU.o
                0x0800420c                ModbusMaster_begin
 .text.ModbusSlave_setTransmitBuffer
                0x08004240       0x3c ./Core/Src/ModbusRTU.o
                0x08004240                ModbusSlave_setTransmitBuffer
 .text.ModbusSlaveTransaction
                0x0800427c      0x250 ./Core/Src/ModbusRTU.o
                0x0800427c                ModbusSlaveTransaction
 .text.ModbusSlaveExceptionTransaction
                0x080044cc      0x168 ./Core/Src/ModbusRTU.o
                0x080044cc                ModbusSlaveExceptionTransaction
 .text.ModbusSlavePool
                0x08004634      0x1b4 ./Core/Src/ModbusRTU.o
                0x08004634                ModbusSlavePool
 .text.AtParsing_Ble
                0x080047e8       0x44 ./Core/Src/bluetooth.o
                0x080047e8                AtParsing_Ble
 .text.SerializeString_Ble
                0x0800482c       0x48 ./Core/Src/bluetooth.o
                0x0800482c                SerializeString_Ble
 .text.SerializeString2
                0x08004874       0x48 ./Core/Src/bluetooth.o
                0x08004874                SerializeString2
 .text.serialEvent_Ble
                0x080048bc       0xd0 ./Core/Src/bluetooth.o
                0x080048bc                serialEvent_Ble
 .text.SendATreply_Ble
                0x0800498c       0x7c ./Core/Src/bluetooth.o
                0x0800498c                SendATreply_Ble
 .text.SetUpBluetooth_Ble
                0x08004a08       0x28 ./Core/Src/bluetooth.o
                0x08004a08                SetUpBluetooth_Ble
 .text.ConfigBLE_Ble
                0x08004a30       0xb0 ./Core/Src/bluetooth.o
                0x08004a30                ConfigBLE_Ble
 .text.GetParamBluetooth_Ble
                0x08004ae0       0xc0 ./Core/Src/bluetooth.o
                0x08004ae0                GetParamBluetooth_Ble
 .text.TransmitReceive_Ble
                0x08004ba0      0x4a0 ./Core/Src/bluetooth.o
                0x08004ba0                TransmitReceive_Ble
 .text.Read_Inpunts_ble
                0x08005040       0x98 ./Core/Src/bluetooth.o
                0x08005040                Read_Inpunts_ble
 .text.WaitSerAnsw_Ble_func
                0x080050d8       0x2c ./Core/Src/bluetooth.o
                0x080050d8                WaitSerAnsw_Ble_func
 .text.grabacion_exitosa_handshake
                0x08005104       0x1c ./Core/Src/bluetooth.o
                0x08005104                grabacion_exitosa_handshake
 .text.manda_transmision
                0x08005120       0x58 ./Core/Src/bluetooth.o
                0x08005120                manda_transmision
 .text.main10   0x08005178      0x118 ./Core/Src/commonMainAsm.o
                0x08005178                main10
 .text.retardoDeActuadores
                0x08005290      0x13c ./Core/Src/commonMainAsm.o
                0x08005290                retardoDeActuadores
 .text.calculando_tiempo_UNIX
                0x080053cc      0x164 ./Core/Src/commonMainAsm.o
                0x080053cc                calculando_tiempo_UNIX
 .text.prom8m1b
                0x08005530       0x78 ./Core/Src/common_subs.o
                0x08005530                prom8m1b
 .text.prog_param
                0x080055a8      0x904 ./Core/Src/common_subs.o
                0x080055a8                prog_param
 .text.md_dif_math
                0x08005eac       0x2c ./Core/Src/common_subs.o
                0x08005eac                md_dif_math
 .text.md_signfrac_math
                0x08005ed8      0x158 ./Core/Src/common_subs.o
                0x08005ed8                md_signfrac_math
 .text.tdev_to_Word
                0x08006030       0x30 ./Core/Src/common_subs.o
                0x08006030                tdev_to_Word
 .text.TwoByteInArrayToWord
                0x08006060       0x2c ./Core/Src/common_subs.o
                0x08006060                TwoByteInArrayToWord
 .text.Load_ret1
                0x0800608c        0xe ./Core/Src/common_subs.o
                0x0800608c                Load_ret1
 *fill*         0x0800609a        0x2 
 .text.Load_ret2
                0x0800609c       0x24 ./Core/Src/common_subs.o
                0x0800609c                Load_ret2
 .text.ldadaptivo
                0x080060c0       0x44 ./Core/Src/common_subs.o
                0x080060c0                ldadaptivo
 .text.blink_640
                0x08006104       0x54 ./Core/Src/common_subs.o
                0x08006104                blink_640
 .text.sp_dpy   0x08006158       0x18 ./Core/Src/common_subs.o
                0x08006158                sp_dpy
 .text.dif_dpy  0x08006170       0x34 ./Core/Src/common_subs.o
                0x08006170                dif_dpy
 .text.minbrake_load
                0x080061a4       0x40 ./Core/Src/common_subs.o
                0x080061a4                minbrake_load
 .text.desptdv_math
                0x080061e4       0xec ./Core/Src/common_subs.o
                0x080061e4                desptdv_math
 .text.convadec_math
                0x080062d0      0x160 ./Core/Src/common_subs.o
                0x080062d0                convadec_math
 .text.convad10
                0x08006430       0x6c ./Core/Src/common_subs.o
                0x08006430                convad10
 .text.soloent  0x0800649c       0x3c ./Core/Src/common_subs.o
                0x0800649c                soloent
 .text.soloent1
                0x080064d8       0x28 ./Core/Src/common_subs.o
                0x080064d8                soloent1
 .text.BaBentre10_math
                0x08006500       0x58 ./Core/Src/common_subs.o
                0x08006500                BaBentre10_math
 .text.conv60_6_math
                0x08006558       0x64 ./Core/Src/common_subs.o
                0x08006558                conv60_6_math
 .text.fallas   0x080065bc      0x2c0 ./Core/Src/common_subs.o
                0x080065bc                fallas
 .text.offdpy   0x0800687c       0x24 ./Core/Src/common_subs.o
                0x0800687c                offdpy
 .text.ram_reserved
                0x080068a0      0x360 ./Core/Src/common_subs.o
                0x080068a0                ram_reserved
 .text.load_tiempoAhorro1
                0x08006c00       0x3c ./Core/Src/common_subs.o
                0x08006c00                load_tiempoAhorro1
 .text.load_tiempoAhorro2
                0x08006c3c       0x3c ./Core/Src/common_subs.o
                0x08006c3c                load_tiempoAhorro2
 .text.load_timeNoct
                0x08006c78       0x28 ./Core/Src/common_subs.o
                0x08006c78                load_timeNoct
 .text.load_next_buffer
                0x08006ca0       0x74 ./Core/Src/common_subs.o
                0x08006ca0                load_next_buffer
 .text.save_cntReg
                0x08006d14       0x74 ./Core/Src/common_subs.o
                0x08006d14                save_cntReg
 .text.save_timeUNIX
                0x08006d88       0xbc ./Core/Src/common_subs.o
                0x08006d88                save_timeUNIX
 .text.buildChksumBloq
                0x08006e44       0x46 ./Core/Src/common_subs.o
                0x08006e44                buildChksumBloq
 *fill*         0x08006e8a        0x2 
 .text.ld_alarmDelay
                0x08006e8c       0x24 ./Core/Src/common_subs.o
                0x08006e8c                ld_alarmDelay
 .text.clean_buffer
                0x08006eb0       0x30 ./Core/Src/common_subs.o
                0x08006eb0                clean_buffer
 .text.copyVector
                0x08006ee0       0x48 ./Core/Src/common_subs.o
                0x08006ee0                copyVector
 .text.build_chksum
                0x08006f28       0x28 ./Core/Src/common_subs.o
                0x08006f28                build_chksum
 .text.GRABA_BLOCK
                0x08006f50        0xe ./Core/Src/common_subs.o
                0x08006f50                GRABA_BLOCK
 .text.decword  0x08006f5e       0x24 ./Core/Src/common_subs.o
                0x08006f5e                decword
 .text.decwreg  0x08006f82       0x24 ./Core/Src/common_subs.o
                0x08006f82                decwreg
 *fill*         0x08006fa6        0x2 
 .text.buildmode
                0x08006fa8      0x130 ./Core/Src/common_subs.o
                0x08006fa8                buildmode
 .text.memodriver
                0x080070d8       0xac ./Core/Src/common_subs.o
                0x080070d8                memodriver
 .text.wreeprom
                0x08007184       0x28 ./Core/Src/common_subs.o
                0x08007184                wreeprom
 .text.op_menu  0x080071ac       0x34 ./Core/Src/common_subs.o
                0x080071ac                op_menu
 .text.datled_clear
                0x080071e0       0x1c ./Core/Src/common_subs.o
                0x080071e0                datled_clear
 .text.wreg_waux_conf
                0x080071fc       0x58 ./Core/Src/common_subs.o
                0x080071fc                wreg_waux_conf
 .text.opc_nv   0x08007254       0x88 ./Core/Src/common_subs.o
                0x08007254                opc_nv
 .text.comunicacion
                0x080072dc      0x21c ./Core/Src/comunicacion.o
                0x080072dc                comunicacion
 .text.detecta  0x080074f8      0x9a0 ./Core/Src/comunicacion.o
                0x080074f8                detecta
 .text.display  0x08007e98      0x758 ./Core/Src/display.o
                0x08007e98                display
 .text.inicio   0x080085f0      0x384 ./Core/Src/inicio.o
                0x080085f0                inicio
 .text.timeBCD_to_UNIX
                0x08008974       0xb4 ./Core/Src/inicio.o
                0x08008974                timeBCD_to_UNIX
 .text.BCDtoByte
                0x08008a28       0x34 ./Core/Src/inicio.o
                0x08008a28                BCDtoByte
 .text.logger   0x08008a5c      0x6d8 ./Core/Src/logger.o
                0x08008a5c                logger
 .text.load_event
                0x08009134      0x104 ./Core/Src/logger.o
                0x08009134                load_event
 .text.load_buffer_logger
                0x08009238      0x158 ./Core/Src/logger.o
                0x08009238                load_buffer_logger
 .text.millis   0x08009390       0x14 ./Core/Src/main.o
                0x08009390                millis
 .text.configura_perif_2
                0x080093a4       0x2a ./Core/Src/main.o
                0x080093a4                configura_perif_2
 *fill*         0x080093ce        0x2 
 .text.check_Tick_1ms
                0x080093d0       0xb0 ./Core/Src/main.o
 .text.main     0x08009480      0x3c8 ./Core/Src/main.o
                0x08009480                main
 .text.SystemClock_Config
                0x08009848       0xa4 ./Core/Src/main.o
                0x08009848                SystemClock_Config
 .text.MX_ADC1_Init
                0x080098ec      0x2b8 ./Core/Src/main.o
 .text.MX_FLASH_Init
                0x08009ba4       0x22 ./Core/Src/main.o
 *fill*         0x08009bc6        0x2 
 .text.MX_I2C1_Init
                0x08009bc8       0x84 ./Core/Src/main.o
 .text.MX_IWDG_Init
                0x08009c4c       0x44 ./Core/Src/main.o
 .text.MX_RTC_Init
                0x08009c90       0xec ./Core/Src/main.o
 .text.MX_TIM3_Init
                0x08009d7c      0x104 ./Core/Src/main.o
 .text.MX_TIM6_Init
                0x08009e80       0x80 ./Core/Src/main.o
 .text.MX_USART2_UART_Init
                0x08009f00       0x9c ./Core/Src/main.o
 .text.MX_USART4_UART_Init
                0x08009f9c       0xa0 ./Core/Src/main.o
 .text.MX_DMA_Init
                0x0800a03c       0x4c ./Core/Src/main.o
 .text.MX_GPIO_Init
                0x0800a088      0x188 ./Core/Src/main.o
 .text.Error_Handler
                0x0800a210        0xc ./Core/Src/main.o
                0x0800a210                Error_Handler
 .text.muestreo
                0x0800a21c      0x334 ./Core/Src/muestreo.o
                0x0800a21c                muestreo
 .text.noctar   0x0800a550        0xc ./Core/Src/noctar.o
                0x0800a550                noctar
 .text.refrigera
                0x0800a55c     0x1214 ./Core/Src/refrigera.o
                0x0800a55c                refrigera
 .text.st_refri
                0x0800b770       0x3c ./Core/Src/refrigera.o
                0x0800b770                st_refri
 .text.HAL_MspInit
                0x0800b7ac       0x48 ./Core/Src/stm32u0xx_hal_msp.o
                0x0800b7ac                HAL_MspInit
 .text.HAL_ADC_MspInit
                0x0800b7f4      0x12c ./Core/Src/stm32u0xx_hal_msp.o
                0x0800b7f4                HAL_ADC_MspInit
 .text.HAL_I2C_MspInit
                0x0800b920      0x18c ./Core/Src/stm32u0xx_hal_msp.o
                0x0800b920                HAL_I2C_MspInit
 .text.HAL_I2C_MspDeInit
                0x0800baac       0x6c ./Core/Src/stm32u0xx_hal_msp.o
                0x0800baac                HAL_I2C_MspDeInit
 .text.HAL_RTC_MspInit
                0x0800bb18       0x90 ./Core/Src/stm32u0xx_hal_msp.o
                0x0800bb18                HAL_RTC_MspInit
 .text.HAL_TIM_Base_MspInit
                0x0800bba8       0x64 ./Core/Src/stm32u0xx_hal_msp.o
                0x0800bba8                HAL_TIM_Base_MspInit
 .text.HAL_TIM_MspPostInit
                0x0800bc0c       0x7c ./Core/Src/stm32u0xx_hal_msp.o
                0x0800bc0c                HAL_TIM_MspPostInit
 .text.HAL_UART_MspInit
                0x0800bc88      0x2dc ./Core/Src/stm32u0xx_hal_msp.o
                0x0800bc88                HAL_UART_MspInit
 .text.NMI_Handler
                0x0800bf64        0x8 ./Core/Src/stm32u0xx_it.o
                0x0800bf64                NMI_Handler
 .text.HardFault_Handler
                0x0800bf6c        0x8 ./Core/Src/stm32u0xx_it.o
                0x0800bf6c                HardFault_Handler
 .text.SVC_Handler
                0x0800bf74        0xa ./Core/Src/stm32u0xx_it.o
                0x0800bf74                SVC_Handler
 .text.PendSV_Handler
                0x0800bf7e        0xa ./Core/Src/stm32u0xx_it.o
                0x0800bf7e                PendSV_Handler
 .text.SysTick_Handler
                0x0800bf88        0xe ./Core/Src/stm32u0xx_it.o
                0x0800bf88                SysTick_Handler
 *fill*         0x0800bf96        0x2 
 .text.RTC_TAMP_IRQHandler
                0x0800bf98       0x18 ./Core/Src/stm32u0xx_it.o
                0x0800bf98                RTC_TAMP_IRQHandler
 .text.EXTI4_15_IRQHandler
                0x0800bfb0       0x14 ./Core/Src/stm32u0xx_it.o
                0x0800bfb0                EXTI4_15_IRQHandler
 .text.DMA1_Channel2_3_IRQHandler
                0x0800bfc4       0x24 ./Core/Src/stm32u0xx_it.o
                0x0800bfc4                DMA1_Channel2_3_IRQHandler
 .text.DMA1_Ch4_7_DMA2_Ch1_5_DMAMUX_OVR_IRQHandler
                0x0800bfe8       0x3c ./Core/Src/stm32u0xx_it.o
                0x0800bfe8                DMA1_Ch4_7_DMA2_Ch1_5_DMAMUX_OVR_IRQHandler
 .text.I2C1_IRQHandler
                0x0800c024       0x30 ./Core/Src/stm32u0xx_it.o
                0x0800c024                I2C1_IRQHandler
 .text.USART2_LPUART2_IRQHandler
                0x0800c054       0x18 ./Core/Src/stm32u0xx_it.o
                0x0800c054                USART2_LPUART2_IRQHandler
 .text.USART4_LPUART3_IRQHandler
                0x0800c06c       0x18 ./Core/Src/stm32u0xx_it.o
                0x0800c06c                USART4_LPUART3_IRQHandler
 .text._sbrk    0x0800c084       0x6c ./Core/Src/sysmem.o
                0x0800c084                _sbrk
 .text.SystemInit
                0x0800c0f0       0x58 ./Core/Src/system_stm32u0xx.o
                0x0800c0f0                SystemInit
 .text.temper   0x0800c148      0xc14 ./Core/Src/temper.o
                0x0800c148                temper
 .text.linealiza
                0x0800cd5c      0x198 ./Core/Src/temper.o
                0x0800cd5c                linealiza
 .text.mult1x2  0x0800cef4       0xd8 ./Core/Src/temper.o
                0x0800cef4                mult1x2
 .text.capturaAD
                0x0800cfcc       0x78 ./Core/Src/temper.o
                0x0800cfcc                capturaAD
 .text.wise_hot_rep
                0x0800d044       0x68 ./Core/Src/temper.o
                0x0800d044                wise_hot_rep
 .text.Y_A      0x0800d0ac       0x2c ./Core/Src/temper.o
                0x0800d0ac                Y_A
 .text.Bset_Clear_trfst
                0x0800d0d8       0x36 ./Core/Src/temper.o
                0x0800d0d8                Bset_Clear_trfst
 .text.Bclear_Clear_trfst
                0x0800d10e       0x36 ./Core/Src/temper.o
                0x0800d10e                Bclear_Clear_trfst
 .text.tiempo   0x0800d144      0x51c ./Core/Src/tiempo.o
                0x0800d144                tiempo
 .text.tx_buffer_prep
                0x0800d660      0x204 ./Core/Src/tx_buffer_prep.o
                0x0800d660                tx_buffer_prep
 .text.tx_control
                0x0800d864     0x33f0 ./Core/Src/tx_control.o
                0x0800d864                tx_control
 .text.prepTXlogg_2
                0x08010c54      0x100 ./Core/Src/tx_control.o
                0x08010c54                prepTXlogg_2
 .text.voltmetro
                0x08010d54      0x290 ./Core/Src/voltmetro.o
                0x08010d54                voltmetro
 .text.watch    0x08010fe4      0x210 ./Core/Src/watch.o
                0x08010fe4                watch
 .text.Reset_Handler
                0x080111f4       0x50 ./Core/Startup/startup_stm32u073rctx.o
                0x080111f4                Reset_Handler
 .text.Default_Handler
                0x08011244        0x2 ./Core/Startup/startup_stm32u073rctx.o
                0x08011244                WWDG_IWDG_IRQHandler
                0x08011244                TIM1_CC_IRQHandler
                0x08011244                TSC_IRQHandler
                0x08011244                USB_DRD_FS_IRQHandler
                0x08011244                TIM7_LPTIM2_IRQHandler
                0x08011244                RCC_CRS_IRQHandler
                0x08011244                I2C2_3_4_IRQHandler
                0x08011244                SPI1_IRQHandler
                0x08011244                EXTI2_3_IRQHandler
                0x08011244                LCD_IRQHandler
                0x08011244                TIM16_IRQHandler
                0x08011244                TIM3_IRQHandler
                0x08011244                DMA1_Channel1_IRQHandler
                0x08011244                Default_Handler
                0x08011244                TIM15_LPTIM3_IRQHandler
                0x08011244                EXTI0_1_IRQHandler
                0x08011244                SPI2_3_IRQHandler
                0x08011244                ADC_COMP1_2_IRQHandler
                0x08011244                PVD_PVM_IRQHandler
                0x08011244                TIM6_DAC_LPTIM1_IRQHandler
                0x08011244                TIM2_IRQHandler
                0x08011244                FLASH_ECC_IRQHandler
                0x08011244                USART3_LPUART1_IRQHandler
                0x08011244                USART1_IRQHandler
                0x08011244                TIM1_BRK_UP_TRG_COM_IRQHandler
                0x08011244                RNG_CRYP_IRQHandler
 .text.HAL_Init
                0x08011246       0x2e ./Drivers/STM32U0xx_HAL_Driver/Src/stm32u0xx_hal.o
                0x08011246                HAL_Init
 .text.HAL_InitTick
                0x08011274       0x94 ./Drivers/STM32U0xx_HAL_Driver/Src/stm32u0xx_hal.o
                0x08011274                HAL_InitTick
 .text.HAL_IncTick
                0x08011308       0x20 ./Drivers/STM32U0xx_HAL_Driver/Src/stm32u0xx_hal.o
                0x08011308                HAL_IncTick
 .text.HAL_GetTick
                0x08011328       0x14 ./Drivers/STM32U0xx_HAL_Driver/Src/stm32u0xx_hal.o
                0x08011328                HAL_GetTick
 .text.HAL_Delay
                0x0801133c       0x44 ./Drivers/STM32U0xx_HAL_Driver/Src/stm32u0xx_hal.o
                0x0801133c                HAL_Delay
 .text.LL_ADC_SetCommonPathInternalCh
                0x08011380       0x28 ./Drivers/STM32U0xx_HAL_Driver/Src/stm32u0xx_hal_adc.o
 .text.LL_ADC_GetCommonPathInternalCh
                0x080113a8       0x1a ./Drivers/STM32U0xx_HAL_Driver/Src/stm32u0xx_hal_adc.o
 .text.LL_ADC_SetSamplingTimeCommonChannels
                0x080113c2       0x3a ./Drivers/STM32U0xx_HAL_Driver/Src/stm32u0xx_hal_adc.o
 .text.LL_ADC_GetSamplingTimeCommonChannels
                0x080113fc       0x2e ./Drivers/STM32U0xx_HAL_Driver/Src/stm32u0xx_hal_adc.o
 .text.LL_ADC_REG_SetSequencerRanks
                0x0801142a       0x40 ./Drivers/STM32U0xx_HAL_Driver/Src/stm32u0xx_hal_adc.o
 .text.LL_ADC_REG_SetSequencerChAdd
                0x0801146a       0x22 ./Drivers/STM32U0xx_HAL_Driver/Src/stm32u0xx_hal_adc.o
 .text.LL_ADC_REG_SetSequencerChRem
                0x0801148c       0x24 ./Drivers/STM32U0xx_HAL_Driver/Src/stm32u0xx_hal_adc.o
 .text.LL_ADC_SetChannelSamplingTime
                0x080114b0       0x38 ./Drivers/STM32U0xx_HAL_Driver/Src/stm32u0xx_hal_adc.o
 .text.LL_ADC_SetAnalogWDMonitChannels
                0x080114e8       0x5c ./Drivers/STM32U0xx_HAL_Driver/Src/stm32u0xx_hal_adc.o
 .text.LL_ADC_ConfigAnalogWDThresholds
                0x08011544       0x50 ./Drivers/STM32U0xx_HAL_Driver/Src/stm32u0xx_hal_adc.o
 .text.LL_ADC_EnableInternalRegulator
                0x08011594       0x28 ./Drivers/STM32U0xx_HAL_Driver/Src/stm32u0xx_hal_adc.o
 .text.LL_ADC_IsInternalRegulatorEnabled
                0x080115bc       0x28 ./Drivers/STM32U0xx_HAL_Driver/Src/stm32u0xx_hal_adc.o
 .text.LL_ADC_Enable
                0x080115e4       0x24 ./Drivers/STM32U0xx_HAL_Driver/Src/stm32u0xx_hal_adc.o
 .text.LL_ADC_Disable
                0x08011608       0x24 ./Drivers/STM32U0xx_HAL_Driver/Src/stm32u0xx_hal_adc.o
 .text.LL_ADC_IsEnabled
                0x0801162c       0x22 ./Drivers/STM32U0xx_HAL_Driver/Src/stm32u0xx_hal_adc.o
 .text.LL_ADC_IsDisableOngoing
                0x0801164e       0x22 ./Drivers/STM32U0xx_HAL_Driver/Src/stm32u0xx_hal_adc.o
 .text.LL_ADC_REG_IsConversionOngoing
                0x08011670       0x22 ./Drivers/STM32U0xx_HAL_Driver/Src/stm32u0xx_hal_adc.o
 .text.LL_ADC_ClearFlag_AWD1
                0x08011692       0x16 ./Drivers/STM32U0xx_HAL_Driver/Src/stm32u0xx_hal_adc.o
 .text.LL_ADC_ClearFlag_AWD2
                0x080116a8       0x18 ./Drivers/STM32U0xx_HAL_Driver/Src/stm32u0xx_hal_adc.o
 .text.LL_ADC_ClearFlag_AWD3
                0x080116c0       0x18 ./Drivers/STM32U0xx_HAL_Driver/Src/stm32u0xx_hal_adc.o
 .text.LL_ADC_EnableIT_AWD1
                0x080116d8       0x1c ./Drivers/STM32U0xx_HAL_Driver/Src/stm32u0xx_hal_adc.o
 .text.LL_ADC_EnableIT_AWD2
                0x080116f4       0x1e ./Drivers/STM32U0xx_HAL_Driver/Src/stm32u0xx_hal_adc.o
 .text.LL_ADC_EnableIT_AWD3
                0x08011712       0x1e ./Drivers/STM32U0xx_HAL_Driver/Src/stm32u0xx_hal_adc.o
 .text.LL_ADC_DisableIT_AWD1
                0x08011730       0x1e ./Drivers/STM32U0xx_HAL_Driver/Src/stm32u0xx_hal_adc.o
 *fill*         0x0801174e        0x2 
 .text.LL_ADC_DisableIT_AWD2
                0x08011750       0x20 ./Drivers/STM32U0xx_HAL_Driver/Src/stm32u0xx_hal_adc.o
 .text.LL_ADC_DisableIT_AWD3
                0x08011770       0x20 ./Drivers/STM32U0xx_HAL_Driver/Src/stm32u0xx_hal_adc.o
 .text.HAL_ADC_Init
                0x08011790      0x350 ./Drivers/STM32U0xx_HAL_Driver/Src/stm32u0xx_hal_adc.o
                0x08011790                HAL_ADC_Init
 .text.HAL_ADC_ConfigChannel
                0x08011ae0      0x2d8 ./Drivers/STM32U0xx_HAL_Driver/Src/stm32u0xx_hal_adc.o
                0x08011ae0                HAL_ADC_ConfigChannel
 .text.HAL_ADC_AnalogWDGConfig
                0x08011db8      0x374 ./Drivers/STM32U0xx_HAL_Driver/Src/stm32u0xx_hal_adc.o
                0x08011db8                HAL_ADC_AnalogWDGConfig
 .text.ADC_Enable
                0x0801212c      0x10c ./Drivers/STM32U0xx_HAL_Driver/Src/stm32u0xx_hal_adc.o
                0x0801212c                ADC_Enable
 .text.ADC_Disable
                0x08012238       0xbc ./Drivers/STM32U0xx_HAL_Driver/Src/stm32u0xx_hal_adc.o
                0x08012238                ADC_Disable
 .text.LL_ADC_GetCommonClock
                0x080122f4       0x1a ./Drivers/STM32U0xx_HAL_Driver/Src/stm32u0xx_hal_adc_ex.o
 .text.LL_ADC_GetClock
                0x0801230e       0x18 ./Drivers/STM32U0xx_HAL_Driver/Src/stm32u0xx_hal_adc_ex.o
 .text.LL_ADC_SetCalibrationFactor
                0x08012326       0x28 ./Drivers/STM32U0xx_HAL_Driver/Src/stm32u0xx_hal_adc_ex.o
 .text.LL_ADC_GetCalibrationFactor
                0x0801234e       0x1a ./Drivers/STM32U0xx_HAL_Driver/Src/stm32u0xx_hal_adc_ex.o
 .text.LL_ADC_Enable
                0x08012368       0x24 ./Drivers/STM32U0xx_HAL_Driver/Src/stm32u0xx_hal_adc_ex.o
 .text.LL_ADC_Disable
                0x0801238c       0x24 ./Drivers/STM32U0xx_HAL_Driver/Src/stm32u0xx_hal_adc_ex.o
 .text.LL_ADC_IsEnabled
                0x080123b0       0x22 ./Drivers/STM32U0xx_HAL_Driver/Src/stm32u0xx_hal_adc_ex.o
 *fill*         0x080123d2        0x2 
 .text.LL_ADC_StartCalibration
                0x080123d4       0x28 ./Drivers/STM32U0xx_HAL_Driver/Src/stm32u0xx_hal_adc_ex.o
 .text.LL_ADC_IsCalibrationOnGoing
                0x080123fc       0x26 ./Drivers/STM32U0xx_HAL_Driver/Src/stm32u0xx_hal_adc_ex.o
 *fill*         0x08012422        0x2 
 .text.HAL_ADCEx_Calibration_Start
                0x08012424      0x1f4 ./Drivers/STM32U0xx_HAL_Driver/Src/stm32u0xx_hal_adc_ex.o
                0x08012424                HAL_ADCEx_Calibration_Start
 .text.__NVIC_EnableIRQ
                0x08012618       0x34 ./Drivers/STM32U0xx_HAL_Driver/Src/stm32u0xx_hal_cortex.o
 .text.__NVIC_DisableIRQ
                0x0801264c       0x44 ./Drivers/STM32U0xx_HAL_Driver/Src/stm32u0xx_hal_cortex.o
 .text.__NVIC_SetPriority
                0x08012690       0xdc ./Drivers/STM32U0xx_HAL_Driver/Src/stm32u0xx_hal_cortex.o
 .text.SysTick_Config
                0x0801276c       0x48 ./Drivers/STM32U0xx_HAL_Driver/Src/stm32u0xx_hal_cortex.o
 .text.HAL_NVIC_SetPriority
                0x080127b4       0x2a ./Drivers/STM32U0xx_HAL_Driver/Src/stm32u0xx_hal_cortex.o
                0x080127b4                HAL_NVIC_SetPriority
 .text.HAL_NVIC_EnableIRQ
                0x080127de       0x20 ./Drivers/STM32U0xx_HAL_Driver/Src/stm32u0xx_hal_cortex.o
                0x080127de                HAL_NVIC_EnableIRQ
 .text.HAL_NVIC_DisableIRQ
                0x080127fe       0x20 ./Drivers/STM32U0xx_HAL_Driver/Src/stm32u0xx_hal_cortex.o
                0x080127fe                HAL_NVIC_DisableIRQ
 .text.HAL_SYSTICK_Config
                0x0801281e       0x1a ./Drivers/STM32U0xx_HAL_Driver/Src/stm32u0xx_hal_cortex.o
                0x0801281e                HAL_SYSTICK_Config
 .text.HAL_DMA_Init
                0x08012838      0x158 ./Drivers/STM32U0xx_HAL_Driver/Src/stm32u0xx_hal_dma.o
                0x08012838                HAL_DMA_Init
 .text.HAL_DMA_DeInit
                0x08012990      0x130 ./Drivers/STM32U0xx_HAL_Driver/Src/stm32u0xx_hal_dma.o
                0x08012990                HAL_DMA_DeInit
 .text.HAL_DMA_Start_IT
                0x08012ac0      0x10c ./Drivers/STM32U0xx_HAL_Driver/Src/stm32u0xx_hal_dma.o
                0x08012ac0                HAL_DMA_Start_IT
 .text.HAL_DMA_Abort
                0x08012bcc       0xc0 ./Drivers/STM32U0xx_HAL_Driver/Src/stm32u0xx_hal_dma.o
                0x08012bcc                HAL_DMA_Abort
 .text.HAL_DMA_Abort_IT
                0x08012c8c       0xd0 ./Drivers/STM32U0xx_HAL_Driver/Src/stm32u0xx_hal_dma.o
                0x08012c8c                HAL_DMA_Abort_IT
 .text.HAL_DMA_IRQHandler
                0x08012d5c      0x188 ./Drivers/STM32U0xx_HAL_Driver/Src/stm32u0xx_hal_dma.o
                0x08012d5c                HAL_DMA_IRQHandler
 .text.HAL_DMA_GetState
                0x08012ee4       0x18 ./Drivers/STM32U0xx_HAL_Driver/Src/stm32u0xx_hal_dma.o
                0x08012ee4                HAL_DMA_GetState
 .text.HAL_DMA_GetError
                0x08012efc       0x14 ./Drivers/STM32U0xx_HAL_Driver/Src/stm32u0xx_hal_dma.o
                0x08012efc                HAL_DMA_GetError
 .text.DMA_SetConfig
                0x08012f10       0x78 ./Drivers/STM32U0xx_HAL_Driver/Src/stm32u0xx_hal_dma.o
 .text.DMA_CalcDMAMUXChannelBaseAndMask
                0x08012f88       0x94 ./Drivers/STM32U0xx_HAL_Driver/Src/stm32u0xx_hal_dma.o
 .text.DMA_CalcDMAMUXRequestGenBaseAndMask
                0x0801301c       0x48 ./Drivers/STM32U0xx_HAL_Driver/Src/stm32u0xx_hal_dma.o
 .text.HAL_FLASH_Program
                0x08013064       0x9c ./Drivers/STM32U0xx_HAL_Driver/Src/stm32u0xx_hal_flash.o
                0x08013064                HAL_FLASH_Program
 .text.HAL_FLASH_Unlock
                0x08013100       0x48 ./Drivers/STM32U0xx_HAL_Driver/Src/stm32u0xx_hal_flash.o
                0x08013100                HAL_FLASH_Unlock
 .text.HAL_FLASH_Lock
                0x08013148       0x38 ./Drivers/STM32U0xx_HAL_Driver/Src/stm32u0xx_hal_flash.o
                0x08013148                HAL_FLASH_Lock
 .text.FLASH_WaitForLastOperation
                0x08013180       0x9c ./Drivers/STM32U0xx_HAL_Driver/Src/stm32u0xx_hal_flash.o
                0x08013180                FLASH_WaitForLastOperation
 .text.FLASH_Program_DoubleWord
                0x0801321c       0x40 ./Drivers/STM32U0xx_HAL_Driver/Src/stm32u0xx_hal_flash.o
 .text.HAL_FLASHEx_Erase
                0x0801325c       0xdc ./Drivers/STM32U0xx_HAL_Driver/Src/stm32u0xx_hal_flash_ex.o
                0x0801325c                HAL_FLASHEx_Erase
 .text.FLASH_MassErase
                0x08013338       0x20 ./Drivers/STM32U0xx_HAL_Driver/Src/stm32u0xx_hal_flash_ex.o
 .text.FLASH_PageErase
                0x08013358       0x38 ./Drivers/STM32U0xx_HAL_Driver/Src/stm32u0xx_hal_flash_ex.o
                0x08013358                FLASH_PageErase
 .text.HAL_GPIO_Init
                0x08013390      0x2e8 ./Drivers/STM32U0xx_HAL_Driver/Src/stm32u0xx_hal_gpio.o
                0x08013390                HAL_GPIO_Init
 .text.HAL_GPIO_DeInit
                0x08013678      0x1c0 ./Drivers/STM32U0xx_HAL_Driver/Src/stm32u0xx_hal_gpio.o
                0x08013678                HAL_GPIO_DeInit
 .text.HAL_GPIO_ReadPin
                0x08013838       0x3a ./Drivers/STM32U0xx_HAL_Driver/Src/stm32u0xx_hal_gpio.o
                0x08013838                HAL_GPIO_ReadPin
 .text.HAL_GPIO_WritePin
                0x08013872       0x3a ./Drivers/STM32U0xx_HAL_Driver/Src/stm32u0xx_hal_gpio.o
                0x08013872                HAL_GPIO_WritePin
 .text.HAL_GPIO_TogglePin
                0x080138ac       0x36 ./Drivers/STM32U0xx_HAL_Driver/Src/stm32u0xx_hal_gpio.o
                0x080138ac                HAL_GPIO_TogglePin
 *fill*         0x080138e2        0x2 
 .text.HAL_GPIO_EXTI_IRQHandler
                0x080138e4       0x54 ./Drivers/STM32U0xx_HAL_Driver/Src/stm32u0xx_hal_gpio.o
                0x080138e4                HAL_GPIO_EXTI_IRQHandler
 .text.HAL_GPIO_EXTI_Rising_Callback
                0x08013938       0x14 ./Drivers/STM32U0xx_HAL_Driver/Src/stm32u0xx_hal_gpio.o
                0x08013938                HAL_GPIO_EXTI_Rising_Callback
 .text.HAL_GPIO_EXTI_Falling_Callback
                0x0801394c       0x14 ./Drivers/STM32U0xx_HAL_Driver/Src/stm32u0xx_hal_gpio.o
                0x0801394c                HAL_GPIO_EXTI_Falling_Callback
 .text.HAL_I2C_Init
                0x08013960      0x14c ./Drivers/STM32U0xx_HAL_Driver/Src/stm32u0xx_hal_i2c.o
                0x08013960                HAL_I2C_Init
 .text.HAL_I2C_DeInit
                0x08013aac       0x60 ./Drivers/STM32U0xx_HAL_Driver/Src/stm32u0xx_hal_i2c.o
                0x08013aac                HAL_I2C_DeInit
 .text.HAL_I2C_Master_Transmit_DMA
                0x08013b0c      0x20c ./Drivers/STM32U0xx_HAL_Driver/Src/stm32u0xx_hal_i2c.o
                0x08013b0c                HAL_I2C_Master_Transmit_DMA
 .text.HAL_I2C_Master_Receive_DMA
                0x08013d18      0x20c ./Drivers/STM32U0xx_HAL_Driver/Src/stm32u0xx_hal_i2c.o
                0x08013d18                HAL_I2C_Master_Receive_DMA
 .text.HAL_I2C_EV_IRQHandler
                0x08013f24       0x34 ./Drivers/STM32U0xx_HAL_Driver/Src/stm32u0xx_hal_i2c.o
                0x08013f24                HAL_I2C_EV_IRQHandler
 .text.HAL_I2C_ER_IRQHandler
                0x08013f58       0xb2 ./Drivers/STM32U0xx_HAL_Driver/Src/stm32u0xx_hal_i2c.o
                0x08013f58                HAL_I2C_ER_IRQHandler
 .text.HAL_I2C_MasterTxCpltCallback
                0x0801400a       0x10 ./Drivers/STM32U0xx_HAL_Driver/Src/stm32u0xx_hal_i2c.o
                0x0801400a                HAL_I2C_MasterTxCpltCallback
 .text.HAL_I2C_MasterRxCpltCallback
                0x0801401a       0x10 ./Drivers/STM32U0xx_HAL_Driver/Src/stm32u0xx_hal_i2c.o
                0x0801401a                HAL_I2C_MasterRxCpltCallback
 .text.HAL_I2C_SlaveTxCpltCallback
                0x0801402a       0x10 ./Drivers/STM32U0xx_HAL_Driver/Src/stm32u0xx_hal_i2c.o
                0x0801402a                HAL_I2C_SlaveTxCpltCallback
 .text.HAL_I2C_SlaveRxCpltCallback
                0x0801403a       0x10 ./Drivers/STM32U0xx_HAL_Driver/Src/stm32u0xx_hal_i2c.o
                0x0801403a                HAL_I2C_SlaveRxCpltCallback
 .text.HAL_I2C_AddrCallback
                0x0801404a       0x20 ./Drivers/STM32U0xx_HAL_Driver/Src/stm32u0xx_hal_i2c.o
                0x0801404a                HAL_I2C_AddrCallback
 .text.HAL_I2C_ListenCpltCallback
                0x0801406a       0x10 ./Drivers/STM32U0xx_HAL_Driver/Src/stm32u0xx_hal_i2c.o
                0x0801406a                HAL_I2C_ListenCpltCallback
 .text.HAL_I2C_MemTxCpltCallback
                0x0801407a       0x10 ./Drivers/STM32U0xx_HAL_Driver/Src/stm32u0xx_hal_i2c.o
                0x0801407a                HAL_I2C_MemTxCpltCallback
 .text.HAL_I2C_MemRxCpltCallback
                0x0801408a       0x10 ./Drivers/STM32U0xx_HAL_Driver/Src/stm32u0xx_hal_i2c.o
                0x0801408a                HAL_I2C_MemRxCpltCallback
 .text.HAL_I2C_ErrorCallback
                0x0801409a       0x10 ./Drivers/STM32U0xx_HAL_Driver/Src/stm32u0xx_hal_i2c.o
                0x0801409a                HAL_I2C_ErrorCallback
 .text.HAL_I2C_AbortCpltCallback
                0x080140aa       0x10 ./Drivers/STM32U0xx_HAL_Driver/Src/stm32u0xx_hal_i2c.o
                0x080140aa                HAL_I2C_AbortCpltCallback
 .text.HAL_I2C_GetState
                0x080140ba       0x18 ./Drivers/STM32U0xx_HAL_Driver/Src/stm32u0xx_hal_i2c.o
                0x080140ba                HAL_I2C_GetState
 *fill*         0x080140d2        0x2 
 .text.I2C_Master_ISR_IT
                0x080140d4      0x254 ./Drivers/STM32U0xx_HAL_Driver/Src/stm32u0xx_hal_i2c.o
 .text.I2C_Slave_ISR_IT
                0x08014328      0x200 ./Drivers/STM32U0xx_HAL_Driver/Src/stm32u0xx_hal_i2c.o
 .text.I2C_Master_ISR_DMA
                0x08014528      0x1f8 ./Drivers/STM32U0xx_HAL_Driver/Src/stm32u0xx_hal_i2c.o
 .text.I2C_Mem_ISR_DMA
                0x08014720      0x258 ./Drivers/STM32U0xx_HAL_Driver/Src/stm32u0xx_hal_i2c.o
 .text.I2C_Slave_ISR_DMA
                0x08014978      0x1d0 ./Drivers/STM32U0xx_HAL_Driver/Src/stm32u0xx_hal_i2c.o
 .text.I2C_ITAddrCplt
                0x08014b48      0x148 ./Drivers/STM32U0xx_HAL_Driver/Src/stm32u0xx_hal_i2c.o
 .text.I2C_ITMasterSeqCplt
                0x08014c90       0x82 ./Drivers/STM32U0xx_HAL_Driver/Src/stm32u0xx_hal_i2c.o
 *fill*         0x08014d12        0x2 
 .text.I2C_ITSlaveSeqCplt
                0x08014d14       0xc8 ./Drivers/STM32U0xx_HAL_Driver/Src/stm32u0xx_hal_i2c.o
 .text.I2C_ITMasterCplt
                0x08014ddc      0x19c ./Drivers/STM32U0xx_HAL_Driver/Src/stm32u0xx_hal_i2c.o
 .text.I2C_ITSlaveCplt
                0x08014f78      0x310 ./Drivers/STM32U0xx_HAL_Driver/Src/stm32u0xx_hal_i2c.o
 .text.I2C_ITListenCplt
                0x08015288       0xb0 ./Drivers/STM32U0xx_HAL_Driver/Src/stm32u0xx_hal_i2c.o
 .text.I2C_ITError
                0x08015338      0x204 ./Drivers/STM32U0xx_HAL_Driver/Src/stm32u0xx_hal_i2c.o
 .text.I2C_TreatErrorCallback
                0x0801553c       0x52 ./Drivers/STM32U0xx_HAL_Driver/Src/stm32u0xx_hal_i2c.o
 .text.I2C_Flush_TXDR
                0x0801558e       0x44 ./Drivers/STM32U0xx_HAL_Driver/Src/stm32u0xx_hal_i2c.o
 *fill*         0x080155d2        0x2 
 .text.I2C_DMAMasterTransmitCplt
                0x080155d4       0xa0 ./Drivers/STM32U0xx_HAL_Driver/Src/stm32u0xx_hal_i2c.o
 .text.I2C_DMAMasterReceiveCplt
                0x08015674       0xa0 ./Drivers/STM32U0xx_HAL_Driver/Src/stm32u0xx_hal_i2c.o
 .text.I2C_DMAError
                0x08015714       0x32 ./Drivers/STM32U0xx_HAL_Driver/Src/stm32u0xx_hal_i2c.o
 .text.I2C_DMAAbort
                0x08015746       0x3e ./Drivers/STM32U0xx_HAL_Driver/Src/stm32u0xx_hal_i2c.o
 .text.I2C_TransferConfig
                0x08015784       0x74 ./Drivers/STM32U0xx_HAL_Driver/Src/stm32u0xx_hal_i2c.o
 .text.I2C_Enable_IRQ
                0x080157f8      0x114 ./Drivers/STM32U0xx_HAL_Driver/Src/stm32u0xx_hal_i2c.o
 .text.I2C_Disable_IRQ
                0x0801590c       0xc6 ./Drivers/STM32U0xx_HAL_Driver/Src/stm32u0xx_hal_i2c.o
 *fill*         0x080159d2        0x2 
 .text.HAL_I2CEx_ConfigAnalogFilter
                0x080159d4       0x98 ./Drivers/STM32U0xx_HAL_Driver/Src/stm32u0xx_hal_i2c_ex.o
                0x080159d4                HAL_I2CEx_ConfigAnalogFilter
 .text.HAL_I2CEx_ConfigDigitalFilter
                0x08015a6c       0x98 ./Drivers/STM32U0xx_HAL_Driver/Src/stm32u0xx_hal_i2c_ex.o
                0x08015a6c                HAL_I2CEx_ConfigDigitalFilter
 .text.HAL_IWDG_Init
                0x08015b04      0x104 ./Drivers/STM32U0xx_HAL_Driver/Src/stm32u0xx_hal_iwdg.o
                0x08015b04                HAL_IWDG_Init
 .text.HAL_IWDG_MspInit
                0x08015c08       0x10 ./Drivers/STM32U0xx_HAL_Driver/Src/stm32u0xx_hal_iwdg.o
                0x08015c08                HAL_IWDG_MspInit
 .text.HAL_IWDG_Refresh
                0x08015c18       0x20 ./Drivers/STM32U0xx_HAL_Driver/Src/stm32u0xx_hal_iwdg.o
                0x08015c18                HAL_IWDG_Refresh
 .text.HAL_PWREx_ControlVoltageScaling
                0x08015c38       0xc0 ./Drivers/STM32U0xx_HAL_Driver/Src/stm32u0xx_hal_pwr_ex.o
                0x08015c38                HAL_PWREx_ControlVoltageScaling
 .text.HAL_PWREx_GetVoltageRange
                0x08015cf8       0x18 ./Drivers/STM32U0xx_HAL_Driver/Src/stm32u0xx_hal_pwr_ex.o
                0x08015cf8                HAL_PWREx_GetVoltageRange
 .text.HAL_RCC_OscConfig
                0x08015d10      0x854 ./Drivers/STM32U0xx_HAL_Driver/Src/stm32u0xx_hal_rcc.o
                0x08015d10                HAL_RCC_OscConfig
 .text.HAL_RCC_ClockConfig
                0x08016564      0x1d8 ./Drivers/STM32U0xx_HAL_Driver/Src/stm32u0xx_hal_rcc.o
                0x08016564                HAL_RCC_ClockConfig
 .text.HAL_RCC_GetSysClockFreq
                0x0801673c      0x138 ./Drivers/STM32U0xx_HAL_Driver/Src/stm32u0xx_hal_rcc.o
                0x0801673c                HAL_RCC_GetSysClockFreq
 .text.HAL_RCC_GetHCLKFreq
                0x08016874       0x14 ./Drivers/STM32U0xx_HAL_Driver/Src/stm32u0xx_hal_rcc.o
                0x08016874                HAL_RCC_GetHCLKFreq
 .text.HAL_RCC_GetPCLK1Freq
                0x08016888       0x30 ./Drivers/STM32U0xx_HAL_Driver/Src/stm32u0xx_hal_rcc.o
                0x08016888                HAL_RCC_GetPCLK1Freq
 .text.RCC_SetFlashLatencyFromMSIRange
                0x080168b8       0xd8 ./Drivers/STM32U0xx_HAL_Driver/Src/stm32u0xx_hal_rcc.o
 .text.HAL_RCCEx_PeriphCLKConfig
                0x08016990      0x44c ./Drivers/STM32U0xx_HAL_Driver/Src/stm32u0xx_hal_rcc_ex.o
                0x08016990                HAL_RCCEx_PeriphCLKConfig
 .text.HAL_RCCEx_GetPeriphCLKFreq
                0x08016ddc      0xa98 ./Drivers/STM32U0xx_HAL_Driver/Src/stm32u0xx_hal_rcc_ex.o
                0x08016ddc                HAL_RCCEx_GetPeriphCLKFreq
 .text.HAL_RCCEx_GetPLLClockFreq
                0x08017874      0x17c ./Drivers/STM32U0xx_HAL_Driver/Src/stm32u0xx_hal_rcc_ex.o
                0x08017874                HAL_RCCEx_GetPLLClockFreq
 .text.HAL_RTC_Init
                0x080179f0      0x14c ./Drivers/STM32U0xx_HAL_Driver/Src/stm32u0xx_hal_rtc.o
                0x080179f0                HAL_RTC_Init
 .text.HAL_RTC_SetTime
                0x08017b3c      0x180 ./Drivers/STM32U0xx_HAL_Driver/Src/stm32u0xx_hal_rtc.o
                0x08017b3c                HAL_RTC_SetTime
 .text.HAL_RTC_GetTime
                0x08017cbc       0xc8 ./Drivers/STM32U0xx_HAL_Driver/Src/stm32u0xx_hal_rtc.o
                0x08017cbc                HAL_RTC_GetTime
 .text.HAL_RTC_SetDate
                0x08017d84      0x14c ./Drivers/STM32U0xx_HAL_Driver/Src/stm32u0xx_hal_rtc.o
                0x08017d84                HAL_RTC_SetDate
 .text.HAL_RTC_GetDate
                0x08017ed0       0x9c ./Drivers/STM32U0xx_HAL_Driver/Src/stm32u0xx_hal_rtc.o
                0x08017ed0                HAL_RTC_GetDate
 .text.HAL_RTC_WaitForSynchro
                0x08017f6c       0x4c ./Drivers/STM32U0xx_HAL_Driver/Src/stm32u0xx_hal_rtc.o
                0x08017f6c                HAL_RTC_WaitForSynchro
 .text.RTC_EnterInitMode
                0x08017fb8       0x58 ./Drivers/STM32U0xx_HAL_Driver/Src/stm32u0xx_hal_rtc.o
                0x08017fb8                RTC_EnterInitMode
 .text.RTC_ByteToBcd2
                0x08018010       0x50 ./Drivers/STM32U0xx_HAL_Driver/Src/stm32u0xx_hal_rtc.o
                0x08018010                RTC_ByteToBcd2
 .text.RTC_Bcd2ToByte
                0x08018060       0x3a ./Drivers/STM32U0xx_HAL_Driver/Src/stm32u0xx_hal_rtc.o
                0x08018060                RTC_Bcd2ToByte
 *fill*         0x0801809a        0x2 
 .text.HAL_RTCEx_SetWakeUpTimer_IT
                0x0801809c      0x144 ./Drivers/STM32U0xx_HAL_Driver/Src/stm32u0xx_hal_rtc_ex.o
                0x0801809c                HAL_RTCEx_SetWakeUpTimer_IT
 .text.HAL_RTCEx_DeactivateWakeUpTimer
                0x080181e0       0x54 ./Drivers/STM32U0xx_HAL_Driver/Src/stm32u0xx_hal_rtc_ex.o
                0x080181e0                HAL_RTCEx_DeactivateWakeUpTimer
 .text.HAL_RTCEx_WakeUpTimerIRQHandler
                0x08018234       0x34 ./Drivers/STM32U0xx_HAL_Driver/Src/stm32u0xx_hal_rtc_ex.o
                0x08018234                HAL_RTCEx_WakeUpTimerIRQHandler
 .text.HAL_RTCEx_WakeUpTimerEventCallback
                0x08018268       0x10 ./Drivers/STM32U0xx_HAL_Driver/Src/stm32u0xx_hal_rtc_ex.o
                0x08018268                HAL_RTCEx_WakeUpTimerEventCallback
 .text.HAL_TIM_Base_Init
                0x08018278       0xb0 ./Drivers/STM32U0xx_HAL_Driver/Src/stm32u0xx_hal_tim.o
                0x08018278                HAL_TIM_Base_Init
 .text.HAL_TIM_PWM_Init
                0x08018328       0xb0 ./Drivers/STM32U0xx_HAL_Driver/Src/stm32u0xx_hal_tim.o
                0x08018328                HAL_TIM_PWM_Init
 .text.HAL_TIM_PWM_MspInit
                0x080183d8       0x10 ./Drivers/STM32U0xx_HAL_Driver/Src/stm32u0xx_hal_tim.o
                0x080183d8                HAL_TIM_PWM_MspInit
 .text.HAL_TIM_PWM_Start
                0x080183e8      0x1c4 ./Drivers/STM32U0xx_HAL_Driver/Src/stm32u0xx_hal_tim.o
                0x080183e8                HAL_TIM_PWM_Start
 .text.HAL_TIM_PWM_Stop
                0x080185ac      0x10c ./Drivers/STM32U0xx_HAL_Driver/Src/stm32u0xx_hal_tim.o
                0x080185ac                HAL_TIM_PWM_Stop
 .text.HAL_TIM_PWM_ConfigChannel
                0x080186b8      0x200 ./Drivers/STM32U0xx_HAL_Driver/Src/stm32u0xx_hal_tim.o
                0x080186b8                HAL_TIM_PWM_ConfigChannel
 .text.HAL_TIM_ConfigClockSource
                0x080188b8      0x1b8 ./Drivers/STM32U0xx_HAL_Driver/Src/stm32u0xx_hal_tim.o
                0x080188b8                HAL_TIM_ConfigClockSource
 .text.TIM_Base_SetConfig
                0x08018a70       0xfc ./Drivers/STM32U0xx_HAL_Driver/Src/stm32u0xx_hal_tim.o
                0x08018a70                TIM_Base_SetConfig
 .text.TIM_OC1_SetConfig
                0x08018b6c      0x100 ./Drivers/STM32U0xx_HAL_Driver/Src/stm32u0xx_hal_tim.o
 .text.TIM_OC2_SetConfig
                0x08018c6c       0xfc ./Drivers/STM32U0xx_HAL_Driver/Src/stm32u0xx_hal_tim.o
                0x08018c6c                TIM_OC2_SetConfig
 .text.TIM_OC3_SetConfig
                0x08018d68      0x104 ./Drivers/STM32U0xx_HAL_Driver/Src/stm32u0xx_hal_tim.o
 .text.TIM_OC4_SetConfig
                0x08018e6c       0xc8 ./Drivers/STM32U0xx_HAL_Driver/Src/stm32u0xx_hal_tim.o
 .text.TIM_OC5_SetConfig
                0x08018f34       0xb4 ./Drivers/STM32U0xx_HAL_Driver/Src/stm32u0xx_hal_tim.o
 .text.TIM_OC6_SetConfig
                0x08018fe8       0xbc ./Drivers/STM32U0xx_HAL_Driver/Src/stm32u0xx_hal_tim.o
 .text.TIM_TI1_ConfigInputStage
                0x080190a4       0x5c ./Drivers/STM32U0xx_HAL_Driver/Src/stm32u0xx_hal_tim.o
 .text.TIM_TI2_ConfigInputStage
                0x08019100       0x64 ./Drivers/STM32U0xx_HAL_Driver/Src/stm32u0xx_hal_tim.o
 .text.TIM_ITRx_SetConfig
                0x08019164       0x38 ./Drivers/STM32U0xx_HAL_Driver/Src/stm32u0xx_hal_tim.o
 .text.TIM_ETR_SetConfig
                0x0801919c       0x40 ./Drivers/STM32U0xx_HAL_Driver/Src/stm32u0xx_hal_tim.o
                0x0801919c                TIM_ETR_SetConfig
 .text.TIM_CCxChannelCmd
                0x080191dc       0x46 ./Drivers/STM32U0xx_HAL_Driver/Src/stm32u0xx_hal_tim.o
                0x080191dc                TIM_CCxChannelCmd
 *fill*         0x08019222        0x2 
 .text.HAL_TIMEx_MasterConfigSynchronization
                0x08019224       0xdc ./Drivers/STM32U0xx_HAL_Driver/Src/stm32u0xx_hal_tim_ex.o
                0x08019224                HAL_TIMEx_MasterConfigSynchronization
 .text.HAL_UART_Init
                0x08019300       0xac ./Drivers/STM32U0xx_HAL_Driver/Src/stm32u0xx_hal_uart.o
                0x08019300                HAL_UART_Init
 .text.HAL_UART_Transmit_DMA
                0x080193ac      0x124 ./Drivers/STM32U0xx_HAL_Driver/Src/stm32u0xx_hal_uart.o
                0x080193ac                HAL_UART_Transmit_DMA
 .text.HAL_UART_Receive_DMA
                0x080194d0       0xd8 ./Drivers/STM32U0xx_HAL_Driver/Src/stm32u0xx_hal_uart.o
                0x080194d0                HAL_UART_Receive_DMA
 .text.HAL_UART_AbortReceive
                0x080195a8      0x168 ./Drivers/STM32U0xx_HAL_Driver/Src/stm32u0xx_hal_uart.o
                0x080195a8                HAL_UART_AbortReceive
 .text.HAL_UART_IRQHandler
                0x08019710      0x68c ./Drivers/STM32U0xx_HAL_Driver/Src/stm32u0xx_hal_uart.o
                0x08019710                HAL_UART_IRQHandler
 .text.HAL_UART_TxCpltCallback
                0x08019d9c       0x10 ./Drivers/STM32U0xx_HAL_Driver/Src/stm32u0xx_hal_uart.o
                0x08019d9c                HAL_UART_TxCpltCallback
 .text.HAL_UART_TxHalfCpltCallback
                0x08019dac       0x10 ./Drivers/STM32U0xx_HAL_Driver/Src/stm32u0xx_hal_uart.o
                0x08019dac                HAL_UART_TxHalfCpltCallback
 .text.HAL_UART_RxCpltCallback
                0x08019dbc       0x10 ./Drivers/STM32U0xx_HAL_Driver/Src/stm32u0xx_hal_uart.o
                0x08019dbc                HAL_UART_RxCpltCallback
 .text.HAL_UART_RxHalfCpltCallback
                0x08019dcc       0x10 ./Drivers/STM32U0xx_HAL_Driver/Src/stm32u0xx_hal_uart.o
                0x08019dcc                HAL_UART_RxHalfCpltCallback
 .text.HAL_UART_ErrorCallback
                0x08019ddc       0x10 ./Drivers/STM32U0xx_HAL_Driver/Src/stm32u0xx_hal_uart.o
                0x08019ddc                HAL_UART_ErrorCallback
 .text.HAL_UARTEx_RxEventCallback
                0x08019dec       0x16 ./Drivers/STM32U0xx_HAL_Driver/Src/stm32u0xx_hal_uart.o
                0x08019dec                HAL_UARTEx_RxEventCallback
 *fill*         0x08019e02        0x2 
 .text.UART_SetConfig
                0x08019e04      0x3a4 ./Drivers/STM32U0xx_HAL_Driver/Src/stm32u0xx_hal_uart.o
                0x08019e04                UART_SetConfig
 .text.UART_AdvFeatureConfig
                0x0801a1a8      0x168 ./Drivers/STM32U0xx_HAL_Driver/Src/stm32u0xx_hal_uart.o
                0x0801a1a8                UART_AdvFeatureConfig
 .text.UART_CheckIdleState
                0x0801a310      0x154 ./Drivers/STM32U0xx_HAL_Driver/Src/stm32u0xx_hal_uart.o
                0x0801a310                UART_CheckIdleState
 .text.UART_WaitOnFlagUntilTimeout
                0x0801a464       0xde ./Drivers/STM32U0xx_HAL_Driver/Src/stm32u0xx_hal_uart.o
                0x0801a464                UART_WaitOnFlagUntilTimeout
 *fill*         0x0801a542        0x2 
 .text.UART_Start_Receive_DMA
                0x0801a544      0x14c ./Drivers/STM32U0xx_HAL_Driver/Src/stm32u0xx_hal_uart.o
                0x0801a544                UART_Start_Receive_DMA
 .text.UART_EndTxTransfer
                0x0801a690       0x80 ./Drivers/STM32U0xx_HAL_Driver/Src/stm32u0xx_hal_uart.o
 .text.UART_EndRxTransfer
                0x0801a710       0xcc ./Drivers/STM32U0xx_HAL_Driver/Src/stm32u0xx_hal_uart.o
 .text.UART_DMATransmitCplt
                0x0801a7dc       0x98 ./Drivers/STM32U0xx_HAL_Driver/Src/stm32u0xx_hal_uart.o
 .text.UART_DMATxHalfCplt
                0x0801a874       0x1e ./Drivers/STM32U0xx_HAL_Driver/Src/stm32u0xx_hal_uart.o
 *fill*         0x0801a892        0x2 
 .text.UART_DMAReceiveCplt
                0x0801a894      0x130 ./Drivers/STM32U0xx_HAL_Driver/Src/stm32u0xx_hal_uart.o
 .text.UART_DMARxHalfCplt
                0x0801a9c4       0x42 ./Drivers/STM32U0xx_HAL_Driver/Src/stm32u0xx_hal_uart.o
 .text.UART_DMAError
                0x0801aa06       0x86 ./Drivers/STM32U0xx_HAL_Driver/Src/stm32u0xx_hal_uart.o
 .text.UART_DMAAbortOnError
                0x0801aa8c       0x26 ./Drivers/STM32U0xx_HAL_Driver/Src/stm32u0xx_hal_uart.o
 .text.UART_EndTransmit_IT
                0x0801aab2       0x58 ./Drivers/STM32U0xx_HAL_Driver/Src/stm32u0xx_hal_uart.o
 .text.HAL_UARTEx_WakeupCallback
                0x0801ab0a       0x10 ./Drivers/STM32U0xx_HAL_Driver/Src/stm32u0xx_hal_uart_ex.o
                0x0801ab0a                HAL_UARTEx_WakeupCallback
 .text.HAL_UARTEx_RxFifoFullCallback
                0x0801ab1a       0x10 ./Drivers/STM32U0xx_HAL_Driver/Src/stm32u0xx_hal_uart_ex.o
                0x0801ab1a                HAL_UARTEx_RxFifoFullCallback
 .text.HAL_UARTEx_TxFifoEmptyCallback
                0x0801ab2a       0x10 ./Drivers/STM32U0xx_HAL_Driver/Src/stm32u0xx_hal_uart_ex.o
                0x0801ab2a                HAL_UARTEx_TxFifoEmptyCallback
 *fill*         0x0801ab3a        0x2 
 .text.HAL_UARTEx_DisableFifoMode
                0x0801ab3c       0x74 ./Drivers/STM32U0xx_HAL_Driver/Src/stm32u0xx_hal_uart_ex.o
                0x0801ab3c                HAL_UARTEx_DisableFifoMode
 .text.HAL_UARTEx_SetTxFifoThreshold
                0x0801abb0       0x7e ./Drivers/STM32U0xx_HAL_Driver/Src/stm32u0xx_hal_uart_ex.o
                0x0801abb0                HAL_UARTEx_SetTxFifoThreshold
 *fill*         0x0801ac2e        0x2 
 .text.HAL_UARTEx_SetRxFifoThreshold
                0x0801ac30       0x84 ./Drivers/STM32U0xx_HAL_Driver/Src/stm32u0xx_hal_uart_ex.o
                0x0801ac30                HAL_UARTEx_SetRxFifoThreshold
 .text.UARTEx_SetNbDataToProcess
                0x0801acb4       0xbc ./Drivers/STM32U0xx_HAL_Driver/Src/stm32u0xx_hal_uart_ex.o
 .text.malloc   0x0801ad70       0x14 C:/ST/STM32CubeIDE_1.16.0/STM32CubeIDE/plugins/com.st.stm32cube.ide.mcu.externaltools.gnu-tools-for-stm32.12.3.rel1.win32_1.1.0.202410251130/tools/bin/../lib/gcc/arm-none-eabi/12.3.1/../../../../arm-none-eabi/lib/thumb/v6-m/nofp\libc_nano.a(libc_a-malloc.o)
                0x0801ad70                malloc
 .text.free     0x0801ad84       0x14 C:/ST/STM32CubeIDE_1.16.0/STM32CubeIDE/plugins/com.st.stm32cube.ide.mcu.externaltools.gnu-tools-for-stm32.12.3.rel1.win32_1.1.0.202410251130/tools/bin/../lib/gcc/arm-none-eabi/12.3.1/../../../../arm-none-eabi/lib/thumb/v6-m/nofp\libc_nano.a(libc_a-malloc.o)
                0x0801ad84                free
 .text.sbrk_aligned
                0x0801ad98       0x44 C:/ST/STM32CubeIDE_1.16.0/STM32CubeIDE/plugins/com.st.stm32cube.ide.mcu.externaltools.gnu-tools-for-stm32.12.3.rel1.win32_1.1.0.202410251130/tools/bin/../lib/gcc/arm-none-eabi/12.3.1/../../../../arm-none-eabi/lib/thumb/v6-m/nofp\libc_nano.a(libc_a-mallocr.o)
 .text._malloc_r
                0x0801addc      0x100 C:/ST/STM32CubeIDE_1.16.0/STM32CubeIDE/plugins/com.st.stm32cube.ide.mcu.externaltools.gnu-tools-for-stm32.12.3.rel1.win32_1.1.0.202410251130/tools/bin/../lib/gcc/arm-none-eabi/12.3.1/../../../../arm-none-eabi/lib/thumb/v6-m/nofp\libc_nano.a(libc_a-mallocr.o)
                0x0801addc                _malloc_r
 .text.__malloc_lock
                0x0801aedc       0x10 C:/ST/STM32CubeIDE_1.16.0/STM32CubeIDE/plugins/com.st.stm32cube.ide.mcu.externaltools.gnu-tools-for-stm32.12.3.rel1.win32_1.1.0.202410251130/tools/bin/../lib/gcc/arm-none-eabi/12.3.1/../../../../arm-none-eabi/lib/thumb/v6-m/nofp\libc_nano.a(libc_a-mlock.o)
                0x0801aedc                __malloc_lock
 .text.__malloc_unlock
                0x0801aeec       0x10 C:/ST/STM32CubeIDE_1.16.0/STM32CubeIDE/plugins/com.st.stm32cube.ide.mcu.externaltools.gnu-tools-for-stm32.12.3.rel1.win32_1.1.0.202410251130/tools/bin/../lib/gcc/arm-none-eabi/12.3.1/../../../../arm-none-eabi/lib/thumb/v6-m/nofp\libc_nano.a(libc_a-mlock.o)
                0x0801aeec                __malloc_unlock
 .text.memcmp   0x0801aefc       0x1c C:/ST/STM32CubeIDE_1.16.0/STM32CubeIDE/plugins/com.st.stm32cube.ide.mcu.externaltools.gnu-tools-for-stm32.12.3.rel1.win32_1.1.0.202410251130/tools/bin/../lib/gcc/arm-none-eabi/12.3.1/../../../../arm-none-eabi/lib/thumb/v6-m/nofp\libc_nano.a(libc_a-memcmp.o)
                0x0801aefc                memcmp
 .text.memset   0x0801af18       0x10 C:/ST/STM32CubeIDE_1.16.0/STM32CubeIDE/plugins/com.st.stm32cube.ide.mcu.externaltools.gnu-tools-for-stm32.12.3.rel1.win32_1.1.0.202410251130/tools/bin/../lib/gcc/arm-none-eabi/12.3.1/../../../../arm-none-eabi/lib/thumb/v6-m/nofp\libc_nano.a(libc_a-memset.o)
                0x0801af18                memset
 .text.strchr   0x0801af28       0x1c C:/ST/STM32CubeIDE_1.16.0/STM32CubeIDE/plugins/com.st.stm32cube.ide.mcu.externaltools.gnu-tools-for-stm32.12.3.rel1.win32_1.1.0.202410251130/tools/bin/../lib/gcc/arm-none-eabi/12.3.1/../../../../arm-none-eabi/lib/thumb/v6-m/nofp\libc_nano.a(libc_a-strchr.o)
                0x0801af28                strchr
 .text.strstr   0x0801af44       0x2c C:/ST/STM32CubeIDE_1.16.0/STM32CubeIDE/plugins/com.st.stm32cube.ide.mcu.externaltools.gnu-tools-for-stm32.12.3.rel1.win32_1.1.0.202410251130/tools/bin/../lib/gcc/arm-none-eabi/12.3.1/../../../../arm-none-eabi/lib/thumb/v6-m/nofp\libc_nano.a(libc_a-strstr.o)
                0x0801af44                strstr
 .text._sbrk_r  0x0801af70       0x24 C:/ST/STM32CubeIDE_1.16.0/STM32CubeIDE/plugins/com.st.stm32cube.ide.mcu.externaltools.gnu-tools-for-stm32.12.3.rel1.win32_1.1.0.202410251130/tools/bin/../lib/gcc/arm-none-eabi/12.3.1/../../../../arm-none-eabi/lib/thumb/v6-m/nofp\libc_nano.a(libc_a-sbrkr.o)
                0x0801af70                _sbrk_r
 .text.__errno  0x0801af94        0xc C:/ST/STM32CubeIDE_1.16.0/STM32CubeIDE/plugins/com.st.stm32cube.ide.mcu.externaltools.gnu-tools-for-stm32.12.3.rel1.win32_1.1.0.202410251130/tools/bin/../lib/gcc/arm-none-eabi/12.3.1/../../../../arm-none-eabi/lib/thumb/v6-m/nofp\libc_nano.a(libc_a-errno.o)
                0x0801af94                __errno
 .text.__libc_init_array
                0x0801afa0       0x48 C:/ST/STM32CubeIDE_1.16.0/STM32CubeIDE/plugins/com.st.stm32cube.ide.mcu.externaltools.gnu-tools-for-stm32.12.3.rel1.win32_1.1.0.202410251130/tools/bin/../lib/gcc/arm-none-eabi/12.3.1/../../../../arm-none-eabi/lib/thumb/v6-m/nofp\libc_nano.a(libc_a-init.o)
                0x0801afa0                __libc_init_array
 .text.__retarget_lock_acquire_recursive
                0x0801afe8        0x2 C:/ST/STM32CubeIDE_1.16.0/STM32CubeIDE/plugins/com.st.stm32cube.ide.mcu.externaltools.gnu-tools-for-stm32.12.3.rel1.win32_1.1.0.202410251130/tools/bin/../lib/gcc/arm-none-eabi/12.3.1/../../../../arm-none-eabi/lib/thumb/v6-m/nofp\libc_nano.a(libc_a-lock.o)
                0x0801afe8                __retarget_lock_acquire_recursive
 .text.__retarget_lock_release_recursive
                0x0801afea        0x2 C:/ST/STM32CubeIDE_1.16.0/STM32CubeIDE/plugins/com.st.stm32cube.ide.mcu.externaltools.gnu-tools-for-stm32.12.3.rel1.win32_1.1.0.202410251130/tools/bin/../lib/gcc/arm-none-eabi/12.3.1/../../../../arm-none-eabi/lib/thumb/v6-m/nofp\libc_nano.a(libc_a-lock.o)
                0x0801afea                __retarget_lock_release_recursive
 .text.memcpy   0x0801afec       0x12 C:/ST/STM32CubeIDE_1.16.0/STM32CubeIDE/plugins/com.st.stm32cube.ide.mcu.externaltools.gnu-tools-for-stm32.12.3.rel1.win32_1.1.0.202410251130/tools/bin/../lib/gcc/arm-none-eabi/12.3.1/../../../../arm-none-eabi/lib/thumb/v6-m/nofp\libc_nano.a(libc_a-memcpy-stub.o)
                0x0801afec                memcpy
 *fill*         0x0801affe        0x2 
 .text._free_r  0x0801b000       0x94 C:/ST/STM32CubeIDE_1.16.0/STM32CubeIDE/plugins/com.st.stm32cube.ide.mcu.externaltools.gnu-tools-for-stm32.12.3.rel1.win32_1.1.0.202410251130/tools/bin/../lib/gcc/arm-none-eabi/12.3.1/../../../../arm-none-eabi/lib/thumb/v6-m/nofp\libc_nano.a(libc_a-freer.o)
                0x0801b000                _free_r
 .text.sqrt     0x0801b094       0x4c C:/ST/STM32CubeIDE_1.16.0/STM32CubeIDE/plugins/com.st.stm32cube.ide.mcu.externaltools.gnu-tools-for-stm32.12.3.rel1.win32_1.1.0.202410251130/tools/bin/../lib/gcc/arm-none-eabi/12.3.1/../../../../arm-none-eabi/lib/thumb/v6-m/nofp\libm.a(libm_a-w_sqrt.o)
                0x0801b094                sqrt
 .text.__ieee754_sqrt
                0x0801b0e0      0x1d0 C:/ST/STM32CubeIDE_1.16.0/STM32CubeIDE/plugins/com.st.stm32cube.ide.mcu.externaltools.gnu-tools-for-stm32.12.3.rel1.win32_1.1.0.202410251130/tools/bin/../lib/gcc/arm-none-eabi/12.3.1/../../../../arm-none-eabi/lib/thumb/v6-m/nofp\libm.a(libm_a-e_sqrt.o)
                0x0801b0e0                __ieee754_sqrt
 *(.glue_7)
 .glue_7        0x0801b2b0        0x0 linker stubs
 *(.glue_7t)
 .glue_7t       0x0801b2b0        0x0 linker stubs
 *(.eh_frame)
 .eh_frame      0x0801b2b0        0x0 C:/ST/STM32CubeIDE_1.16.0/STM32CubeIDE/plugins/com.st.stm32cube.ide.mcu.externaltools.gnu-tools-for-stm32.12.3.rel1.win32_1.1.0.202410251130/tools/bin/../lib/gcc/arm-none-eabi/12.3.1/thumb/v6-m/nofp/crtbegin.o
 *(.init)
 .init          0x0801b2b0        0x4 C:/ST/STM32CubeIDE_1.16.0/STM32CubeIDE/plugins/com.st.stm32cube.ide.mcu.externaltools.gnu-tools-for-stm32.12.3.rel1.win32_1.1.0.202410251130/tools/bin/../lib/gcc/arm-none-eabi/12.3.1/thumb/v6-m/nofp/crti.o
                0x0801b2b0                _init
 .init          0x0801b2b4        0x8 C:/ST/STM32CubeIDE_1.16.0/STM32CubeIDE/plugins/com.st.stm32cube.ide.mcu.externaltools.gnu-tools-for-stm32.12.3.rel1.win32_1.1.0.202410251130/tools/bin/../lib/gcc/arm-none-eabi/12.3.1/thumb/v6-m/nofp/crtn.o
 *(.fini)
 .fini          0x0801b2bc        0x4 C:/ST/STM32CubeIDE_1.16.0/STM32CubeIDE/plugins/com.st.stm32cube.ide.mcu.externaltools.gnu-tools-for-stm32.12.3.rel1.win32_1.1.0.202410251130/tools/bin/../lib/gcc/arm-none-eabi/12.3.1/thumb/v6-m/nofp/crti.o
                0x0801b2bc                _fini
 .fini          0x0801b2c0        0x8 C:/ST/STM32CubeIDE_1.16.0/STM32CubeIDE/plugins/com.st.stm32cube.ide.mcu.externaltools.gnu-tools-for-stm32.12.3.rel1.win32_1.1.0.202410251130/tools/bin/../lib/gcc/arm-none-eabi/12.3.1/thumb/v6-m/nofp/crtn.o
 .fini.__stub   0x0801b2c8       0x10 linker stubs
                0x0801b2d8                        . = ALIGN (0x4)
                0x0801b2d8                        _etext = .

.vfp11_veneer   0x0801b2d8        0x0
 .vfp11_veneer  0x0801b2d8        0x0 linker stubs

.v4_bx          0x0801b2d8        0x0
 .v4_bx         0x0801b2d8        0x0 linker stubs

.iplt           0x0801b2d8        0x0
 .iplt          0x0801b2d8        0x0 C:/ST/STM32CubeIDE_1.16.0/STM32CubeIDE/plugins/com.st.stm32cube.ide.mcu.externaltools.gnu-tools-for-stm32.12.3.rel1.win32_1.1.0.202410251130/tools/bin/../lib/gcc/arm-none-eabi/12.3.1/thumb/v6-m/nofp/crtbegin.o

.rodata         0x0801b2d8      0x2ec
                0x0801b2d8                        . = ALIGN (0x4)
 *(.rodata)
 .rodata        0x0801b2d8       0xb7 ./Core/Src/bluetooth.o
 *fill*         0x0801b38f        0x1 
 .rodata        0x0801b390       0x40 C:/ST/STM32CubeIDE_1.16.0/STM32CubeIDE/plugins/com.st.stm32cube.ide.mcu.externaltools.gnu-tools-for-stm32.12.3.rel1.win32_1.1.0.202410251130/tools/bin/../lib/gcc/arm-none-eabi/12.3.1/thumb/v6-m/nofp\libgcc.a(divdf3.o)
 *(.rodata*)
 .rodata.prog_param
                0x0801b3d0       0x78 ./Core/Src/common_subs.o
 .rodata.display
                0x0801b448       0x14 ./Core/Src/display.o
 .rodata.main   0x0801b45c       0x20 ./Core/Src/main.o
 .rodata.AHBPrescTable
                0x0801b47c       0x10 ./Core/Src/system_stm32u0xx.o
                0x0801b47c                AHBPrescTable
 .rodata.APBPrescTable
                0x0801b48c        0x8 ./Core/Src/system_stm32u0xx.o
                0x0801b48c                APBPrescTable
 .rodata.MSIRangeTable
                0x0801b494       0x30 ./Core/Src/system_stm32u0xx.o
                0x0801b494                MSIRangeTable
 .rodata.HAL_RCCEx_GetPeriphCLKFreq
                0x0801b4c4       0x84 ./Drivers/STM32U0xx_HAL_Driver/Src/stm32u0xx_hal_rcc_ex.o
 .rodata.HAL_TIM_PWM_ConfigChannel
                0x0801b548       0x54 ./Drivers/STM32U0xx_HAL_Driver/Src/stm32u0xx_hal_tim.o
 .rodata.UARTPrescTable
                0x0801b59c       0x18 ./Drivers/STM32U0xx_HAL_Driver/Src/stm32u0xx_hal_uart.o
                0x0801b59c                UARTPrescTable
 .rodata.numerator.1
                0x0801b5b4        0x8 ./Drivers/STM32U0xx_HAL_Driver/Src/stm32u0xx_hal_uart_ex.o
 .rodata.denominator.0
                0x0801b5bc        0x8 ./Drivers/STM32U0xx_HAL_Driver/Src/stm32u0xx_hal_uart_ex.o
                0x0801b5c4                        . = ALIGN (0x4)

.ARM.extab      0x0801b5c4        0x0
                0x0801b5c4                        . = ALIGN (0x4)
 *(.ARM.extab* .gnu.linkonce.armextab.*)
                0x0801b5c4                        . = ALIGN (0x4)

.ARM            0x0801b5c4        0x8
                0x0801b5c4                        . = ALIGN (0x4)
                0x0801b5c4                        __exidx_start = .
 *(.ARM.exidx*)
 .ARM.exidx     0x0801b5c4        0x8 C:/ST/STM32CubeIDE_1.16.0/STM32CubeIDE/plugins/com.st.stm32cube.ide.mcu.externaltools.gnu-tools-for-stm32.12.3.rel1.win32_1.1.0.202410251130/tools/bin/../lib/gcc/arm-none-eabi/12.3.1/thumb/v6-m/nofp\libgcc.a(_udivmoddi4.o)
                0x0801b5cc                        __exidx_end = .
                0x0801b5cc                        . = ALIGN (0x4)

.preinit_array  0x0801b5cc        0x0
                0x0801b5cc                        . = ALIGN (0x4)
                0x0801b5cc                        PROVIDE (__preinit_array_start = .)
 *(.preinit_array*)
                0x0801b5cc                        PROVIDE (__preinit_array_end = .)
                0x0801b5cc                        . = ALIGN (0x4)

.init_array     0x0801b5cc        0x4
                0x0801b5cc                        . = ALIGN (0x4)
                0x0801b5cc                        PROVIDE (__init_array_start = .)
 *(SORT_BY_NAME(.init_array.*))
 *(.init_array*)
 .init_array    0x0801b5cc        0x4 C:/ST/STM32CubeIDE_1.16.0/STM32CubeIDE/plugins/com.st.stm32cube.ide.mcu.externaltools.gnu-tools-for-stm32.12.3.rel1.win32_1.1.0.202410251130/tools/bin/../lib/gcc/arm-none-eabi/12.3.1/thumb/v6-m/nofp/crtbegin.o
                0x0801b5d0                        PROVIDE (__init_array_end = .)
                0x0801b5d0                        . = ALIGN (0x4)

.fini_array     0x0801b5d0        0x4
                0x0801b5d0                        . = ALIGN (0x4)
                [!provide]                        PROVIDE (__fini_array_start = .)
 *(SORT_BY_NAME(.fini_array.*))
 *(.fini_array*)
 .fini_array    0x0801b5d0        0x4 C:/ST/STM32CubeIDE_1.16.0/STM32CubeIDE/plugins/com.st.stm32cube.ide.mcu.externaltools.gnu-tools-for-stm32.12.3.rel1.win32_1.1.0.202410251130/tools/bin/../lib/gcc/arm-none-eabi/12.3.1/thumb/v6-m/nofp/crtbegin.o
                [!provide]                        PROVIDE (__fini_array_end = .)
                0x0801b5d4                        . = ALIGN (0x4)
                0x0801b5d4                        _sidata = LOADADDR (.data)

.rel.dyn        0x0801b5d4        0x0
 .rel.iplt      0x0801b5d4        0x0 C:/ST/STM32CubeIDE_1.16.0/STM32CubeIDE/plugins/com.st.stm32cube.ide.mcu.externaltools.gnu-tools-for-stm32.12.3.rel1.win32_1.1.0.202410251130/tools/bin/../lib/gcc/arm-none-eabi/12.3.1/thumb/v6-m/nofp/crtbegin.o

.data           0x20000000      0x358 load address 0x0801b5d4
                0x20000000                        . = ALIGN (0x4)
                0x20000000                        _sdata = .
 *(.data)
 *(.data*)
 .data.ParamItem
                0x20000000        0x4 ./Core/Src/bluetooth.o
 .data.aTxBuffer
                0x20000004        0x7 ./Core/Src/comunicacion.o
                0x20000004                aTxBuffer
 *fill*         0x2000000b        0x1 
 .data.dpytab   0x2000000c       0x40 ./Core/Src/display.o
                0x2000000c                dpytab
 .data.BluetoothState
                0x2000004c        0x1 ./Core/Src/main.o
                0x2000004c                BluetoothState
 *fill*         0x2000004d        0x3 
 .data.Eventos  0x20000050       0x1c ./Core/Src/main.o
                0x20000050                Eventos
 .data.Mediciones
                0x2000006c        0x8 ./Core/Src/main.o
                0x2000006c                Mediciones
 .data.Alarmas  0x20000074       0x12 ./Core/Src/main.o
                0x20000074                Alarmas
 *fill*         0x20000086        0x2 
 .data.DatosMAC
                0x20000088        0x6 ./Core/Src/main.o
                0x20000088                DatosMAC
 *fill*         0x2000008e        0x2 
 .data.DatosFirmware
                0x20000090        0x2 ./Core/Src/main.o
                0x20000090                DatosFirmware
 .data.PNU_0x3000
                0x20000092        0x2 ./Core/Src/main.o
                0x20000092                PNU_0x3000
 .data.PNU_0x3004
                0x20000094        0x2 ./Core/Src/main.o
                0x20000094                PNU_0x3004
 .data.PNU_0x3006
                0x20000096        0x2 ./Core/Src/main.o
                0x20000096                PNU_0x3006
 .data.PNU_0x3008
                0x20000098        0x2 ./Core/Src/main.o
                0x20000098                PNU_0x3008
 .data.PNU_0x300C
                0x2000009a        0x2 ./Core/Src/main.o
                0x2000009a                PNU_0x300C
 .data.PNU_0x3010
                0x2000009c        0x2 ./Core/Src/main.o
                0x2000009c                PNU_0x3010
 .data.PNU_0x3012
                0x2000009e        0x2 ./Core/Src/main.o
                0x2000009e                PNU_0x3012
 .data.PNU_0x3014
                0x200000a0        0x2 ./Core/Src/main.o
                0x200000a0                PNU_0x3014
 .data.PNU_0x3016
                0x200000a2        0x2 ./Core/Src/main.o
                0x200000a2                PNU_0x3016
 .data.PNU_0x3018
                0x200000a4        0x2 ./Core/Src/main.o
                0x200000a4                PNU_0x3018
 .data.PNU_0x301A
                0x200000a6        0x2 ./Core/Src/main.o
                0x200000a6                PNU_0x301A
 .data.PNU_0x301C
                0x200000a8        0x2 ./Core/Src/main.o
                0x200000a8                PNU_0x301C
 .data.PNU_0x301E
                0x200000aa        0x2 ./Core/Src/main.o
                0x200000aa                PNU_0x301E
 .data.PNU_0x3104
                0x200000ac        0x2 ./Core/Src/main.o
                0x200000ac                PNU_0x3104
 .data.PNU_0x3106
                0x200000ae        0x2 ./Core/Src/main.o
                0x200000ae                PNU_0x3106
 .data.PNU_0x3108
                0x200000b0        0x2 ./Core/Src/main.o
                0x200000b0                PNU_0x3108
 .data.PNU_0x310A
                0x200000b2        0x2 ./Core/Src/main.o
                0x200000b2                PNU_0x310A
 .data.PNU_0x310C
                0x200000b4        0x2 ./Core/Src/main.o
                0x200000b4                PNU_0x310C
 .data.PNU_0x310E
                0x200000b6        0x2 ./Core/Src/main.o
                0x200000b6                PNU_0x310E
 .data.Plantilla
                0x200000b8       0x80 ./Core/Src/main.o
                0x200000b8                Plantilla
 .data.copiaPlantilla
                0x20000138       0x80 ./Core/Src/main.o
                0x20000138                copiaPlantilla
 .data.daysToMonth
                0x200001b8       0x30 ./Core/Src/main.o
                0x200001b8                daysToMonth
 .data.PFULLDEF_Px_PORT
                0x200001e8       0x14 ./Core/Src/main.o
                0x200001e8                PFULLDEF_Px_PORT
 .data.PFULLDEF_Px_PIN
                0x200001fc        0x5 ./Core/Src/main.o
                0x200001fc                PFULLDEF_Px_PIN
 *fill*         0x20000201        0x3 
 .data.PFULLDEF_MPx_PORT
                0x20000204       0x10 ./Core/Src/main.o
                0x20000204                PFULLDEF_MPx_PORT
 .data.PFULLDEF_MPx_PIN
                0x20000214        0x4 ./Core/Src/main.o
                0x20000214                PFULLDEF_MPx_PIN
 .data.firstFlagPuerta1
                0x20000218        0x1 ./Core/Src/main.o
                0x20000218                firstFlagPuerta1
 *fill*         0x20000219        0x3 
 .data.difName  0x2000021c       0x32 ./Core/Src/main.o
                0x2000021c                difName
 *fill*         0x2000024e        0x2 
 .data.SystemCoreClock
                0x20000250        0x4 ./Core/Src/system_stm32u0xx.o
                0x20000250                SystemCoreClock
 .data.tRTP1000
                0x20000254       0x10 ./Core/Src/temper.o
                0x20000254                tRTP1000
 .data.uwTickPrio
                0x20000264        0x4 ./Drivers/STM32U0xx_HAL_Driver/Src/stm32u0xx_hal.o
                0x20000264                uwTickPrio
 .data.uwTickFreq
                0x20000268        0x4 ./Drivers/STM32U0xx_HAL_Driver/Src/stm32u0xx_hal.o
                0x20000268                uwTickFreq
 .data._impure_ptr
                0x2000026c        0x4 C:/ST/STM32CubeIDE_1.16.0/STM32CubeIDE/plugins/com.st.stm32cube.ide.mcu.externaltools.gnu-tools-for-stm32.12.3.rel1.win32_1.1.0.202410251130/tools/bin/../lib/gcc/arm-none-eabi/12.3.1/../../../../arm-none-eabi/lib/thumb/v6-m/nofp\libc_nano.a(libc_a-impure.o)
                0x2000026c                _impure_ptr
 .data._impure_data
                0x20000270       0x4c C:/ST/STM32CubeIDE_1.16.0/STM32CubeIDE/plugins/com.st.stm32cube.ide.mcu.externaltools.gnu-tools-for-stm32.12.3.rel1.win32_1.1.0.202410251130/tools/bin/../lib/gcc/arm-none-eabi/12.3.1/../../../../arm-none-eabi/lib/thumb/v6-m/nofp\libc_nano.a(libc_a-impure.o)
                0x20000270                _impure_data
 *fill*         0x200002bc        0x4 
 .data.tiny     0x200002c0        0x8 C:/ST/STM32CubeIDE_1.16.0/STM32CubeIDE/plugins/com.st.stm32cube.ide.mcu.externaltools.gnu-tools-for-stm32.12.3.rel1.win32_1.1.0.202410251130/tools/bin/../lib/gcc/arm-none-eabi/12.3.1/../../../../arm-none-eabi/lib/thumb/v6-m/nofp\libm.a(libm_a-e_sqrt.o)
 .data.one      0x200002c8        0x8 C:/ST/STM32CubeIDE_1.16.0/STM32CubeIDE/plugins/com.st.stm32cube.ide.mcu.externaltools.gnu-tools-for-stm32.12.3.rel1.win32_1.1.0.202410251130/tools/bin/../lib/gcc/arm-none-eabi/12.3.1/../../../../arm-none-eabi/lib/thumb/v6-m/nofp\libm.a(libm_a-e_sqrt.o)
 *(.RamFunc)
 .RamFunc       0x200002d0       0x88 ./Drivers/STM32U0xx_HAL_Driver/Src/stm32u0xx_hal_flash.o
 *(.RamFunc*)
                0x20000358                        . = ALIGN (0x4)
                0x20000358                        _edata = .

.igot.plt       0x20000358        0x0 load address 0x0801b92c
 .igot.plt      0x20000358        0x0 C:/ST/STM32CubeIDE_1.16.0/STM32CubeIDE/plugins/com.st.stm32cube.ide.mcu.externaltools.gnu-tools-for-stm32.12.3.rel1.win32_1.1.0.202410251130/tools/bin/../lib/gcc/arm-none-eabi/12.3.1/thumb/v6-m/nofp/crtbegin.o
                0x20000358                        . = ALIGN (0x4)

.bss            0x20000358      0xf98 load address 0x0801b92c
                0x20000358                        _sbss = .
                0x20000358                        __bss_start__ = _sbss
 *(.bss)
 .bss           0x20000358       0x1c C:/ST/STM32CubeIDE_1.16.0/STM32CubeIDE/plugins/com.st.stm32cube.ide.mcu.externaltools.gnu-tools-for-stm32.12.3.rel1.win32_1.1.0.202410251130/tools/bin/../lib/gcc/arm-none-eabi/12.3.1/thumb/v6-m/nofp/crtbegin.o
 *(.bss*)
 .bss.receivecomplete_RS485
                0x20000374        0x1 ./Core/Src/ModbusRTU.o
                0x20000374                receivecomplete_RS485
 .bss._u8MBSlave
                0x20000375        0x1 ./Core/Src/ModbusRTU.o
                0x20000375                _u8MBSlave
 .bss._u16ReadAddress
                0x20000376        0x2 ./Core/Src/ModbusRTU.o
                0x20000376                _u16ReadAddress
 .bss._u16ReadQty
                0x20000378        0x2 ./Core/Src/ModbusRTU.o
                0x20000378                _u16ReadQty
 .bss._u16WriteAddress
                0x2000037a        0x2 ./Core/Src/ModbusRTU.o
                0x2000037a                _u16WriteAddress
 .bss._u16WriteVal
                0x2000037c        0x2 ./Core/Src/ModbusRTU.o
                0x2000037c                _u16WriteVal
 *fill*         0x2000037e        0x2 
 .bss._u16TransmitBuffer
                0x20000380       0x40 ./Core/Src/ModbusRTU.o
                0x20000380                _u16TransmitBuffer
 .bss._u8TransmitBufferIndex
                0x200003c0        0x1 ./Core/Src/ModbusRTU.o
                0x200003c0                _u8TransmitBufferIndex
 *fill*         0x200003c1        0x1 
 .bss.u16TransmitBufferLength
                0x200003c2        0x2 ./Core/Src/ModbusRTU.o
                0x200003c2                u16TransmitBufferLength
 .bss.u8MBFunctionSlave
                0x200003c4        0x1 ./Core/Src/ModbusRTU.o
                0x200003c4                u8MBFunctionSlave
 .bss.WaitSerAnsw_Ble
                0x200003c5        0x1 ./Core/Src/bluetooth.o
                0x200003c5                WaitSerAnsw_Ble
 .bss.receivecomplete_Ble
                0x200003c6        0x1 ./Core/Src/bluetooth.o
                0x200003c6                receivecomplete_Ble
 *fill*         0x200003c7        0x1 
 .bss.PrevMillis
                0x200003c8        0x4 ./Core/Src/bluetooth.o
                0x200003c8                PrevMillis
 .bss.CntDebInp1
                0x200003cc        0x1 ./Core/Src/bluetooth.o
                0x200003cc                CntDebInp1
 *fill*         0x200003cd        0x3 
 .bss.TestMessMilis
                0x200003d0        0x4 ./Core/Src/bluetooth.o
                0x200003d0                TestMessMilis
 .bss.PasswordALG
                0x200003d4        0x1 ./Core/Src/bluetooth.o
                0x200003d4                PasswordALG
 .bss.RndNumber