../Core/Src/bluetooth.c:31:14:AtParsing_Ble	32	static
../Core/Src/bluetooth.c:50:8:SerializeString_Ble	32	static,ignoring_inline_asm
../Core/Src/bluetooth.c:59:8:SerializeString2	24	static,ignoring_inline_asm
../Core/Src/bluetooth.c:69:6:serialEvent_Ble	16	static,ignoring_inline_asm
../Core/Src/bluetooth.c:114:14:SendATreply_Ble	48	static
../Core/Src/bluetooth.c:147:6:SetUpBluetooth_Ble	8	static
../Core/Src/bluetooth.c:160:6:ConfigBLE_Ble	16	static,ignoring_inline_asm
../Core/Src/bluetooth.c:270:6:ChangeBaud_Ble	16	static
../Core/Src/bluetooth.c:278:6:GetParamBluetooth_Ble	24	static
../Core/Src/bluetooth.c:305:6:TransmitReceive_Ble	16	static,ignoring_inline_asm
../Core/Src/bluetooth.c:460:6:Read_Inpunts_ble	8	static
../Core/Src/bluetooth.c:494:6:WaitSerAnsw_Ble_func	16	static
../Core/Src/bluetooth.c:500:6:grabacion_exitosa_handshake	8	static
../Core/Src/bluetooth.c:506:6:manda_transmision	8	static
