../Core/Src/bluetooth.c:33:14:AtParsing_Ble	32	static
../Core/Src/bluetooth.c:52:8:SerializeString_Ble	32	static,ignoring_inline_asm
../Core/Src/bluetooth.c:61:8:SerializeString2	24	static,ignoring_inline_asm
../Core/Src/bluetooth.c:71:6:serialEvent_Ble	16	static,ignoring_inline_asm
../Core/Src/bluetooth.c:116:14:SendATreply_Ble	48	static
../Core/Src/bluetooth.c:149:6:SetUpBluetooth_Ble	8	static
../Core/Src/bluetooth.c:162:6:ConfigBLE_Ble	16	static,ignoring_inline_asm
../Core/Src/bluetooth.c:272:6:ChangeBaud_Ble	16	static
../Core/Src/bluetooth.c:280:6:GetParamBluetooth_Ble	24	static
../Core/Src/bluetooth.c:307:6:TransmitReceive_Ble	16	static,ignoring_inline_asm
../Core/Src/bluetooth.c:462:6:Read_Inpunts_ble	8	static
../Core/Src/bluetooth.c:496:6:WaitSerAnsw_Ble_func	16	static
../Core/Src/bluetooth.c:502:6:grabacion_exitosa_handshake	8	static
../Core/Src/bluetooth.c:508:6:manda_transmision	8	static
