../Core/Src/common_subs.c:14:10:prom8m1b	32	static
../Core/Src/common_subs.c:26:7:prog_param	48	static
../Core/Src/common_subs.c:857:6:md_dif_math	8	static
../Core/Src/common_subs.c:866:6:md_signfrac_math	8	static
../Core/Src/common_subs.c:960:10:tdev_to_Word	16	static
../Core/Src/common_subs.c:966:10:TwoByteInArrayToWord	24	static
../Core/Src/common_subs.c:986:6:Load_ret1	8	static,ignoring_inline_asm
../Core/Src/common_subs.c:992:6:Load_ret2	8	static
../Core/Src/common_subs.c:998:6:ldadaptivo	8	static,ignoring_inline_asm
../Core/Src/common_subs.c:1008:6:blink_640	16	static
../Core/Src/common_subs.c:1018:6:sp_dpy	8	static
../Core/Src/common_subs.c:1027:6:dif_dpy	16	static
../Core/Src/common_subs.c:1042:6:minbrake_load	8	static
../Core/Src/common_subs.c:1052:6:desptdv_math	24	static
../Core/Src/common_subs.c:1107:6:convadec_math	24	static
../Core/Src/common_subs.c:1190:6:convad10	24	static
../Core/Src/common_subs.c:1232:6:soloent	16	static
../Core/Src/common_subs.c:1258:6:soloent1	8	static
../Core/Src/common_subs.c:1282:6:BaBentre10_math	8	static
../Core/Src/common_subs.c:1295:6:conv60_6_math	16	static
../Core/Src/common_subs.c:1305:1:fallas	16	static
../Core/Src/common_subs.c:1524:6:offdpy	8	static
../Core/Src/common_subs.c:1548:6:ram_reserved	16	static
../Core/Src/common_subs.c:1738:6:load_tiempoAhorro1	16	static
../Core/Src/common_subs.c:1751:6:load_tiempoAhorro2	16	static
../Core/Src/common_subs.c:1763:6:load_timeNoct	8	static
../Core/Src/common_subs.c:1773:6:load_next_buffer	16	static,ignoring_inline_asm
../Core/Src/common_subs.c:1798:6:save_cntReg	8	static
../Core/Src/common_subs.c:1829:6:save_timeUNIX	8	static
../Core/Src/common_subs.c:1867:6:buildChksumBloq	24	static
../Core/Src/common_subs.c:1893:6:ld_alarmDelay	8	static
../Core/Src/common_subs.c:1905:6:clean_buffer	16	static
../Core/Src/common_subs.c:1916:6:copyVector	24	static
../Core/Src/common_subs.c:1928:6:build_chksum	16	static,ignoring_inline_asm
../Core/Src/common_subs.c:1938:6:GRABA_BLOCK	8	static
../Core/Src/common_subs.c:1957:6:decword	16	static
../Core/Src/common_subs.c:1964:6:decwreg	16	static
../Core/Src/common_subs.c:1970:6:buildmode	16	static
../Core/Src/common_subs.c:2015:6:memodriver	16	static
../Core/Src/common_subs.c:2049:6:wreeprom	24	static
../Core/Src/common_subs.c:2059:6:op_menu	16	static
../Core/Src/common_subs.c:2065:6:datled_clear	8	static
../Core/Src/common_subs.c:2071:6:wreg_waux_conf	24	static
../Core/Src/common_subs.c:2082:6:opc_nv	24	static
../Core/Src/common_subs.c:2098:6:grabadoLoggerBloquesCompletos	40	static
