../Core/Src/common_subs.c:14:10:prom8m1b	32	static
../Core/Src/common_subs.c:26:7:prog_param	40	static
../Core/Src/common_subs.c:852:6:md_dif_math	8	static
../Core/Src/common_subs.c:861:6:md_signfrac_math	8	static
../Core/Src/common_subs.c:955:10:tdev_to_Word	16	static
../Core/Src/common_subs.c:961:10:TwoByteInArrayToWord	24	static
../Core/Src/common_subs.c:981:6:Load_ret1	8	static,ignoring_inline_asm
../Core/Src/common_subs.c:987:6:Load_ret2	8	static
../Core/Src/common_subs.c:993:6:ldadaptivo	8	static,ignoring_inline_asm
../Core/Src/common_subs.c:1003:6:blink_640	16	static
../Core/Src/common_subs.c:1013:6:sp_dpy	8	static
../Core/Src/common_subs.c:1022:6:dif_dpy	16	static
../Core/Src/common_subs.c:1037:6:minbrake_load	8	static
../Core/Src/common_subs.c:1047:6:desptdv_math	24	static
../Core/Src/common_subs.c:1098:6:convadec_math	24	static
../Core/Src/common_subs.c:1181:6:convad10	24	static
../Core/Src/common_subs.c:1223:6:soloent	16	static
../Core/Src/common_subs.c:1249:6:soloent1	8	static
../Core/Src/common_subs.c:1273:6:BaBentre10_math	8	static
../Core/Src/common_subs.c:1286:6:conv60_6_math	16	static
../Core/Src/common_subs.c:1296:1:fallas	16	static
../Core/Src/common_subs.c:1508:6:offdpy	8	static
../Core/Src/common_subs.c:1532:6:ram_reserved	176	static,ignoring_inline_asm
../Core/Src/common_subs.c:1714:6:load_tiempoAhorro1	16	static
../Core/Src/common_subs.c:1727:6:load_tiempoAhorro2	16	static
../Core/Src/common_subs.c:1739:6:load_timeNoct	8	static
../Core/Src/common_subs.c:1749:6:load_next_buffer	16	static,ignoring_inline_asm
../Core/Src/common_subs.c:1774:6:save_cntReg	16	static
../Core/Src/common_subs.c:1798:6:save_timeUNIX	8	static
../Core/Src/common_subs.c:1832:6:buildChksumBloq	24	static
../Core/Src/common_subs.c:1858:6:ld_alarmDelay	8	static
../Core/Src/common_subs.c:1870:6:clean_buffer	16	static
../Core/Src/common_subs.c:1880:6:copyVector	24	static
../Core/Src/common_subs.c:1892:6:build_chksum	16	static,ignoring_inline_asm
../Core/Src/common_subs.c:1902:6:GRABA_BLOCK	8	static
../Core/Src/common_subs.c:1921:6:decword	16	static
../Core/Src/common_subs.c:1928:6:decwreg	16	static
../Core/Src/common_subs.c:1934:6:buildmode	16	static
../Core/Src/common_subs.c:1979:6:memodriver	16	static
../Core/Src/common_subs.c:2012:6:wreeprom	24	static
../Core/Src/common_subs.c:2027:6:op_menu	16	static
../Core/Src/common_subs.c:2033:6:datled_clear	8	static
../Core/Src/common_subs.c:2039:6:wreg_waux_conf	24	static
../Core/Src/common_subs.c:2050:6:opc_nv	24	static
