../Core/Src/ModbusRTU.c:39:9:serialEvent_RS485	16	static,ignoring_inline_asm
../Core/Src/ModbusRTU.c:81:8:SerializeDMAArray_RS485	16	static,ignoring_inline_asm
../Core/Src/ModbusRTU.c:103:17:crc16_update	24	static
../Core/Src/ModbusRTU.c:124:6:Modbus_ModbusSalave	8	static
../Core/Src/ModbusRTU.c:145:6:ModbusMaster_begin	16	static
../Core/Src/ModbusRTU.c:169:9:ModbusSlave_setTransmitBuffer	16	static
../Core/Src/ModbusRTU.c:195:7:ModbusSlaveTransaction	296	static
../Core/Src/ModbusRTU.c:252:7:ModbusSlaveExceptionTransaction	288	static,ignoring_inline_asm
../Core/Src/ModbusRTU.c:292:10:ModbusSlavePool	280	static,ignoring_inline_asm
