../Core/Src/stm32u0xx_it.c:78:6:NMI_Handler	8	static
../Core/Src/stm32u0xx_it.c:93:6:HardFault_Handler	8	static
../Core/Src/stm32u0xx_it.c:108:6:SVC_Handler	8	static
../Core/Src/stm32u0xx_it.c:121:6:PendSV_Handler	8	static
../Core/Src/stm32u0xx_it.c:134:6:SysTick_Handler	8	static
../Core/Src/stm32u0xx_it.c:155:6:RTC_TAMP_IRQHandler	8	static
../Core/Src/stm32u0xx_it.c:169:6:EXTI4_15_IRQHandler	8	static
../Core/Src/stm32u0xx_it.c:183:6:DMA1_Channel2_3_IRQHandler	8	static
../Core/Src/stm32u0xx_it.c:198:6:DMA1_Ch4_7_DMA2_Ch1_5_DMAMUX_OVR_IRQHandler	8	static
../Core/Src/stm32u0xx_it.c:215:6:I2C1_IRQHandler	8	static
../Core/Src/stm32u0xx_it.c:236:6:USART2_LPUART2_IRQHandler	8	static
../Core/Src/stm32u0xx_it.c:250:6:USART4_LPUART3_IRQHandler	8	static
