../Core/Src/temper.c:156:6:temper	8	static,ignoring_inline_asm
../Core/Src/temper.c:592:6:linealiza	8	static
../Core/Src/temper.c:665:6:mult1x2	8	static
../Core/Src/temper.c:690:6:capturaAD	16	static
../Core/Src/temper.c:706:6:wise_hot_rep	16	static
../Core/Src/temper.c:722:10:promedio_8	24	static
../Core/Src/temper.c:733:6:Y_A	8	static
../Core/Src/temper.c:739:6:Bset_Clear_trfst	24	static
../Core/Src/temper.c:746:6:Bclear_Clear_trfst	24	static
../Core/Src/temper.c:762:6:sumar	56	static
../Core/Src/temper.c:789:6:multiplicar	64	static
../Core/Src/temper.c:816:6:dividir	80	static
../Core/Src/temper.c:837:6:muestreoOPAMx	64	static
