../Core/Src/temper.c:158:6:temper	8	static,ignoring_inline_asm
../Core/Src/temper.c:589:6:linealiza	8	static
../Core/Src/temper.c:662:6:mult1x2	8	static
../Core/Src/temper.c:687:6:capturaAD	16	static
../Core/Src/temper.c:703:6:wise_hot_rep	16	static
../Core/Src/temper.c:719:10:promedio_8	24	static
../Core/Src/temper.c:730:6:Y_A	8	static
../Core/Src/temper.c:736:6:Bset_Clear_trfst	24	static
../Core/Src/temper.c:743:6:Bclear_Clear_trfst	24	static
../Core/Src/temper.c:759:6:sumar	56	static
../Core/Src/temper.c:786:6:multiplicar	64	static
../Core/Src/temper.c:813:6:dividir	80	static
../Core/Src/temper.c:834:6:muestreoOPAMx	64	static
