../Drivers/CMSIS/Include/core_cm0plus.h:987:34:__NVIC_SystemReset	8	static,ignoring_inline_asm
../Core/Src/tx_control.c:28:6:tx_control	80	static,ignoring_inline_asm
../Core/Src/tx_control.c:3468:6:prepTXlogg_2	16	static
../Core/Src/tx_control.c:3533:6:bloc_fin_comu	24	static
../Core/Src/tx_control.c:3547:6:bloq_transmi_header	24	static
../Core/Src/tx_control.c:3567:6:buffer_Tx_control_copy	24	static
../Core/Src/tx_control.c:3582:6:Bloq_logger_correct	8	static
../Core/Src/tx_control.c:3589:6:Bloq_logger_correct_tx	8	static
../Core/Src/tx_control.c:3595:6:Termination_WIFICOM	16	static
../Core/Src/tx_control.c:3603:6:Wifi_Buffer_Trans	16	static
../Core/Src/tx_control.c:3618:6:Wifi_Buffer_Trans2	16	static
../Core/Src/tx_control.c:3670:6:compare_chksum_func	24	static
../Core/Src/tx_control.c:3679:6:BloqDatalooger_Incorrect	8	static
../Core/Src/tx_control.c:3685:6:borra_pagina_logger	40	static
../Core/Src/tx_control.c:3702:6:graba_bloque_fw	216	static
