../Drivers/CMSIS/Include/core_cm0plus.h:987:34:__NVIC_SystemReset	8	static,ignoring_inline_asm
../Core/Src/tx_control.c:28:6:tx_control	80	static,ignoring_inline_asm
../Core/Src/tx_control.c:3496:6:prepTXlogg_2	16	static
../Core/Src/tx_control.c:3583:6:bloc_fin_comu	24	static
../Core/Src/tx_control.c:3597:6:bloq_transmi_header	24	static
../Core/Src/tx_control.c:3617:6:buffer_Tx_control_copy	24	static
../Core/Src/tx_control.c:3632:6:Bloq_logger_correct	8	static
../Core/Src/tx_control.c:3639:6:Bloq_logger_correct_tx	8	static
../Core/Src/tx_control.c:3645:6:Termination_WIFICOM	16	static
../Core/Src/tx_control.c:3653:6:Wifi_Buffer_Trans	16	static
../Core/Src/tx_control.c:3668:6:Wifi_Buffer_Trans2	16	static
../Core/Src/tx_control.c:3720:6:compare_chksum_func	24	static
../Core/Src/tx_control.c:3729:6:BloqDatalooger_Incorrect	8	static
../Core/Src/tx_control.c:3735:6:borra_pagina_logger	40	static
../Core/Src/tx_control.c:3752:6:graba_bloque_fw	216	static
