../Core/Src/tx_control.c:28:6:tx_control	80	static,ignoring_inline_asm
../Core/Src/tx_control.c:3441:6:prepTXlogg_2	16	static
../Core/Src/tx_control.c:3506:6:bloc_fin_comu	24	static
../Core/Src/tx_control.c:3520:6:bloq_transmi_header	24	static
../Core/Src/tx_control.c:3540:6:buffer_Tx_control_copy	24	static
../Core/Src/tx_control.c:3555:6:Bloq_logger_correct	8	static
../Core/Src/tx_control.c:3562:6:Bloq_logger_correct_tx	8	static
../Core/Src/tx_control.c:3568:6:Termination_WIFICOM	16	static
../Core/Src/tx_control.c:3576:6:Wifi_Buffer_Trans	16	static
../Core/Src/tx_control.c:3591:6:Wifi_Buffer_Trans2	16	static
../Core/Src/tx_control.c:3643:6:compare_chksum_func	24	static
../Core/Src/tx_control.c:3652:6:BloqDatalooger_Incorrect	8	static
../Core/Src/tx_control.c:3658:6:borra_pagina_logger	40	static
../Core/Src/tx_control.c:3675:6:graba_bloque_fw	216	static
