../Core/Src/tx_control.c:28:6:tx_control	80	static,ignoring_inline_asm
../Core/Src/tx_control.c:3453:6:prepTXlogg_2	16	static
../Core/Src/tx_control.c:3518:6:bloc_fin_comu	24	static
../Core/Src/tx_control.c:3532:6:bloq_transmi_header	24	static
../Core/Src/tx_control.c:3552:6:buffer_Tx_control_copy	24	static
../Core/Src/tx_control.c:3567:6:Bloq_logger_correct	8	static
../Core/Src/tx_control.c:3574:6:Bloq_logger_correct_tx	8	static
../Core/Src/tx_control.c:3580:6:Termination_WIFICOM	16	static
../Core/Src/tx_control.c:3588:6:Wifi_Buffer_Trans	16	static
../Core/Src/tx_control.c:3603:6:Wifi_Buffer_Trans2	16	static
../Core/Src/tx_control.c:3655:6:compare_chksum_func	24	static
../Core/Src/tx_control.c:3664:6:BloqDatalooger_Incorrect	8	static
../Core/Src/tx_control.c:3670:6:borra_pagina_logger	40	static
../Core/Src/tx_control.c:3687:6:graba_bloque_fw	216	static
