../Core/Src/tx_control.c:29:6:tx_control	88	static,ignoring_inline_asm
../Core/Src/tx_control.c:3399:6:prepTXlogg_2	16	static
../Core/Src/tx_control.c:3466:6:tx_control_write_firm	8	static
../Core/Src/tx_control.c:3476:6:rx_firmware	48	static
../Core/Src/tx_control.c:3683:6:graba_bloque_fw	40	static
../Core/Src/tx_control.c:3739:6:borra_pagina_logger	32	static
../Core/Src/tx_control.c:3770:6:bloc_fin_comu	24	static
../Core/Src/tx_control.c:3784:6:bloq_transmi_header	24	static
../Core/Src/tx_control.c:3804:6:buffer_Tx_control_copy	24	static
../Core/Src/tx_control.c:3819:6:Bloq_logger_correct	8	static
../Core/Src/tx_control.c:3826:6:Bloq_logger_correct_tx	8	static
../Core/Src/tx_control.c:3832:6:Termination_WIFICOM	16	static
../Core/Src/tx_control.c:3840:6:Wifi_Buffer_Trans	16	static
../Core/Src/tx_control.c:3855:6:Wifi_Buffer_Trans2	16	static
../Core/Src/tx_control.c:3905:6:recepcion_inc_bloq_fw	16	static
../Core/Src/tx_control.c:3930:6:compare_chksum_func	24	static
../Core/Src/tx_control.c:3939:6:BloqDatalooger_Incorrect	8	static
