../Drivers/CMSIS/Include/core_cm0plus.h:987:34:__NVIC_SystemReset	8	static,ignoring_inline_asm
../Core/Src/tx_control.c:28:6:tx_control	80	static,ignoring_inline_asm
../Core/Src/tx_control.c:3497:6:prepTXlogg_2	16	static
../Core/Src/tx_control.c:3575:6:bloc_fin_comu	24	static
../Core/Src/tx_control.c:3589:6:bloq_transmi_header	24	static
../Core/Src/tx_control.c:3609:6:buffer_Tx_control_copy	24	static
../Core/Src/tx_control.c:3624:6:Bloq_logger_correct	8	static
../Core/Src/tx_control.c:3631:6:Bloq_logger_correct_tx	8	static
../Core/Src/tx_control.c:3637:6:Termination_WIFICOM	16	static
../Core/Src/tx_control.c:3645:6:Wifi_Buffer_Trans	16	static
../Core/Src/tx_control.c:3660:6:Wifi_Buffer_Trans2	16	static
../Core/Src/tx_control.c:3712:6:compare_chksum_func	24	static
../Core/Src/tx_control.c:3721:6:BloqDatalooger_Incorrect	8	static
../Core/Src/tx_control.c:3727:6:borra_pagina_logger	40	static
../Core/Src/tx_control.c:3744:6:graba_bloque_fw	216	static
